Archive member included to satisfy reference by file (symbol)

E:/bin/msys64/mingw64/bin/../lib/gcc/x86_64-w64-mingw32/12.1.0/../../../../lib/libstdc++.dll.a(libstdc___6_dll_d006709.o)
                              mm_speed.o (__gxx_personality_seh0)
E:/bin/msys64/mingw64/bin/../lib/gcc/x86_64-w64-mingw32/12.1.0/../../../../lib/libstdc++.dll.a(libstdc___6_dll_d006663.o)
                              mm_speed.o (operator new(unsigned long long))
E:/bin/msys64/mingw64/bin/../lib/gcc/x86_64-w64-mingw32/12.1.0/../../../../lib/libstdc++.dll.a(libstdc___6_dll_d006657.o)
                              mm_speed.o (operator delete(void*, unsigned long long))
E:/bin/msys64/mingw64/bin/../lib/gcc/x86_64-w64-mingw32/12.1.0/../../../../lib/libstdc++.dll.a(libstdc___6_dll_d005446.o)
                              mm_speed.o (std::__throw_length_error(char const*))
E:/bin/msys64/mingw64/bin/../lib/gcc/x86_64-w64-mingw32/12.1.0/../../../../lib/libstdc++.dll.a(libstdc___6_dll_d004256.o)
                              mm_speed.o (std::chrono::_V2::steady_clock::now())
E:/bin/msys64/mingw64/bin/../lib/gcc/x86_64-w64-mingw32/12.1.0/../../../../lib/libstdc++.dll.a(libstdc___6_dll_d000000.o)
                              E:/bin/msys64/mingw64/bin/../lib/gcc/x86_64-w64-mingw32/12.1.0/../../../../lib/libstdc++.dll.a(libstdc___6_dll_d006709.o) (_head_libstdc___6_dll)
E:/bin/msys64/mingw64/bin/../lib/gcc/x86_64-w64-mingw32/12.1.0/../../../../lib/libstdc++.dll.a(libstdc___6_dll_d006713.o)
                              E:/bin/msys64/mingw64/bin/../lib/gcc/x86_64-w64-mingw32/12.1.0/../../../../lib/libstdc++.dll.a(libstdc___6_dll_d000000.o) (libstdc___6_dll_iname)
E:/bin/msys64/mingw64/bin/../lib/gcc/x86_64-w64-mingw32/12.1.0/../../../../lib/libmingw32.a(lib64_libmingw32_a-gccmain.o)
                              E:/bin/msys64/mingw64/bin/../lib/gcc/x86_64-w64-mingw32/12.1.0/../../../../lib/crt2.o (__main)
E:/bin/msys64/mingw64/bin/../lib/gcc/x86_64-w64-mingw32/12.1.0/../../../../lib/libmingw32.a(lib64_libmingw32_a-natstart.o)
                              E:/bin/msys64/mingw64/bin/../lib/gcc/x86_64-w64-mingw32/12.1.0/../../../../lib/crt2.o (__native_startup_lock)
E:/bin/msys64/mingw64/bin/../lib/gcc/x86_64-w64-mingw32/12.1.0/../../../../lib/libmingw32.a(lib64_libmingw32_a-wildcard.o)
                              E:/bin/msys64/mingw64/bin/../lib/gcc/x86_64-w64-mingw32/12.1.0/../../../../lib/crt2.o (_dowildcard)
E:/bin/msys64/mingw64/bin/../lib/gcc/x86_64-w64-mingw32/12.1.0/../../../../lib/libmingw32.a(lib64_libmingw32_a-dllargv.o)
                              E:/bin/msys64/mingw64/bin/../lib/gcc/x86_64-w64-mingw32/12.1.0/../../../../lib/crt2.o (_setargv)
E:/bin/msys64/mingw64/bin/../lib/gcc/x86_64-w64-mingw32/12.1.0/../../../../lib/libmingw32.a(lib64_libmingw32_a-_newmode.o)
                              E:/bin/msys64/mingw64/bin/../lib/gcc/x86_64-w64-mingw32/12.1.0/../../../../lib/crt2.o (_newmode)
E:/bin/msys64/mingw64/bin/../lib/gcc/x86_64-w64-mingw32/12.1.0/../../../../lib/libmingw32.a(lib64_libmingw32_a-tlssup.o)
                              E:/bin/msys64/mingw64/bin/../lib/gcc/x86_64-w64-mingw32/12.1.0/../../../../lib/crt2.o (__mingw_initltssuo_force)
E:/bin/msys64/mingw64/bin/../lib/gcc/x86_64-w64-mingw32/12.1.0/../../../../lib/libmingw32.a(lib64_libmingw32_a-xncommod.o)
                              E:/bin/msys64/mingw64/bin/../lib/gcc/x86_64-w64-mingw32/12.1.0/../../../../lib/crt2.o (_commode)
E:/bin/msys64/mingw64/bin/../lib/gcc/x86_64-w64-mingw32/12.1.0/../../../../lib/libmingw32.a(lib64_libmingw32_a-cinitexe.o)
                              E:/bin/msys64/mingw64/bin/../lib/gcc/x86_64-w64-mingw32/12.1.0/../../../../lib/crt2.o (__xc_z)
E:/bin/msys64/mingw64/bin/../lib/gcc/x86_64-w64-mingw32/12.1.0/../../../../lib/libmingw32.a(lib64_libmingw32_a-merr.o)
                              E:/bin/msys64/mingw64/bin/../lib/gcc/x86_64-w64-mingw32/12.1.0/../../../../lib/crt2.o (_matherr)
E:/bin/msys64/mingw64/bin/../lib/gcc/x86_64-w64-mingw32/12.1.0/../../../../lib/libmingw32.a(lib64_libmingw32_a-CRT_fp10.o)
                              E:/bin/msys64/mingw64/bin/../lib/gcc/x86_64-w64-mingw32/12.1.0/../../../../lib/crt2.o (_fpreset)
E:/bin/msys64/mingw64/bin/../lib/gcc/x86_64-w64-mingw32/12.1.0/../../../../lib/libmingw32.a(lib64_libmingw32_a-mingw_helpers.o)
                              E:/bin/msys64/mingw64/bin/../lib/gcc/x86_64-w64-mingw32/12.1.0/../../../../lib/crt2.o (__mingw_app_type)
E:/bin/msys64/mingw64/bin/../lib/gcc/x86_64-w64-mingw32/12.1.0/../../../../lib/libmingw32.a(lib64_libmingw32_a-pseudo-reloc.o)
                              E:/bin/msys64/mingw64/bin/../lib/gcc/x86_64-w64-mingw32/12.1.0/../../../../lib/crt2.o (_pei386_runtime_relocator)
E:/bin/msys64/mingw64/bin/../lib/gcc/x86_64-w64-mingw32/12.1.0/../../../../lib/libmingw32.a(lib64_libmingw32_a-usermatherr.o)
                              E:/bin/msys64/mingw64/bin/../lib/gcc/x86_64-w64-mingw32/12.1.0/../../../../lib/crt2.o (__mingw_setusermatherr)
[...]
Memory Configuration

Name             Origin             Length             Attributes
*default*        0x0000000000000000 0xffffffffffffffff

Linker script and memory map

                0x0000000140000000                __image_base__ = 0x140000000
                0x0000000000000000                __dll__ = 0x0
                0x0000000140000000                __ImageBase = 0x140000000
                0x0000000000001000                __section_alignment__ = 0x1000
                0x0000000000000200                __file_alignment__ = 0x200
                0x0000000000000004                __major_os_version__ = 0x4
                0x0000000000000000                __minor_os_version__ = 0x0
                0x0000000000000000                __major_image_version__ = 0x0
                0x0000000000000000                __minor_image_version__ = 0x0
                0x0000000000000005                __major_subsystem_version__ = 0x5
                0x0000000000000002                __minor_subsystem_version__ = 0x2
                0x0000000000000003                __subsystem__ = 0x3
                0x0000000000200000                __size_of_stack_reserve__ = 0x200000
                0x0000000000001000                __size_of_stack_commit__ = 0x1000
                0x0000000000100000                __size_of_heap_reserve__ = 0x100000
                0x0000000000001000                __size_of_heap_commit__ = 0x1000
                0x0000000000000000                __loader_flags__ = 0x0
                0x0000000000000160                __dll_characteristics__ = 0x160
LOAD E:/bin/msys64/mingw64/bin/../lib/gcc/x86_64-w64-mingw32/12.1.0/../../../../lib/crt2.o
LOAD E:/bin/msys64/mingw64/bin/../lib/gcc/x86_64-w64-mingw32/12.1.0/crtbegin.o
LOAD mm_speed.o
LOAD matmulq.o
LOAD E:/bin/msys64/mingw64/bin/../lib/gcc/x86_64-w64-mingw32/12.1.0/../../../../lib/libm.a
LOAD E:/bin/msys64/mingw64/bin/../lib/gcc/x86_64-w64-mingw32/12.1.0/../../../../lib/libquadmath.dll.a
LOAD E:/bin/msys64/mingw64/bin/../lib/gcc/x86_64-w64-mingw32/12.1.0/../../../../lib/libstdc++.dll.a
LOAD E:/bin/msys64/mingw64/bin/../lib/gcc/x86_64-w64-mingw32/12.1.0/../../../../lib/libmingw32.a
LOAD E:/bin/msys64/mingw64/bin/../lib/gcc/x86_64-w64-mingw32/12.1.0/../../../../lib/libgcc_s.a
LOAD E:/bin/msys64/mingw64/bin/../lib/gcc/x86_64-w64-mingw32/12.1.0/libgcc.a
LOAD E:/bin/msys64/mingw64/bin/../lib/gcc/x86_64-w64-mingw32/12.1.0/../../../../lib/libmoldname.a
LOAD E:/bin/msys64/mingw64/bin/../lib/gcc/x86_64-w64-mingw32/12.1.0/../../../../lib/libmingwex.a
LOAD E:/bin/msys64/mingw64/bin/../lib/gcc/x86_64-w64-mingw32/12.1.0/../../../../lib/libmsvcrt.a
LOAD E:/bin/msys64/mingw64/bin/../lib/gcc/x86_64-w64-mingw32/12.1.0/../../../../lib/libkernel32.a
LOAD E:/bin/msys64/mingw64/bin/../lib/gcc/x86_64-w64-mingw32/12.1.0/../../../../lib/libpthread.dll.a
LOAD E:/bin/msys64/mingw64/bin/../lib/gcc/x86_64-w64-mingw32/12.1.0/../../../../lib/libadvapi32.a
LOAD E:/bin/msys64/mingw64/bin/../lib/gcc/x86_64-w64-mingw32/12.1.0/../../../../lib/libshell32.a
LOAD E:/bin/msys64/mingw64/bin/../lib/gcc/x86_64-w64-mingw32/12.1.0/../../../../lib/libuser32.a
LOAD E:/bin/msys64/mingw64/bin/../lib/gcc/x86_64-w64-mingw32/12.1.0/../../../../lib/libkernel32.a
LOAD E:/bin/msys64/mingw64/bin/../lib/gcc/x86_64-w64-mingw32/12.1.0/../../../../lib/libmingw32.a
LOAD E:/bin/msys64/mingw64/bin/../lib/gcc/x86_64-w64-mingw32/12.1.0/../../../../lib/libgcc_s.a
LOAD E:/bin/msys64/mingw64/bin/../lib/gcc/x86_64-w64-mingw32/12.1.0/libgcc.a
LOAD E:/bin/msys64/mingw64/bin/../lib/gcc/x86_64-w64-mingw32/12.1.0/../../../../lib/libmoldname.a
LOAD E:/bin/msys64/mingw64/bin/../lib/gcc/x86_64-w64-mingw32/12.1.0/../../../../lib/libmingwex.a
LOAD E:/bin/msys64/mingw64/bin/../lib/gcc/x86_64-w64-mingw32/12.1.0/../../../../lib/libmsvcrt.a
LOAD E:/bin/msys64/mingw64/bin/../lib/gcc/x86_64-w64-mingw32/12.1.0/../../../../lib/libkernel32.a
LOAD E:/bin/msys64/mingw64/bin/../lib/gcc/x86_64-w64-mingw32/12.1.0/../../../../lib/default-manifest.o
LOAD E:/bin/msys64/mingw64/bin/../lib/gcc/x86_64-w64-mingw32/12.1.0/crtend.o
                0x0000000000000340                . = SIZEOF_HEADERS
                0x0000000000001000                . = ALIGN (__section_alignment__)

.text           0x0000000140001000     0x8000
 *(SORT_NONE(.init))
 *(.text)
 .text          0x0000000140001000      0x510 E:/bin/msys64/mingw64/bin/../lib/gcc/x86_64-w64-mingw32/12.1.0/../../../../lib/crt2.o
                0x00000001400014b0                WinMainCRTStartup
                0x00000001400014d0                mainCRTStartup
                0x00000001400014f0                atexit
 .text          0x0000000140001510       0x20 E:/bin/msys64/mingw64/bin/../lib/gcc/x86_64-w64-mingw32/12.1.0/crtbegin.o
                0x0000000140001510                __gcc_register_frame
                0x0000000140001520                __gcc_deregister_frame
 .text          0x0000000140001530      0x1b0 mm_speed.o
 .text          0x00000001400016e0      0x3c0 matmulq.o
                0x00000001400016e0                matmulq
 .text          0x0000000140001aa0        0x8 E:/bin/msys64/mingw64/bin/../lib/gcc/x86_64-w64-mingw32/12.1.0/../../../../lib/libstdc++.dll.a(libstdc___6_dll_d006709.o)
                0x0000000140001aa0                __gxx_personality_seh0
 .text          0x0000000140001aa8        0x8 E:/bin/msys64/mingw64/bin/../lib/gcc/x86_64-w64-mingw32/12.1.0/../../../../lib/libstdc++.dll.a(libstdc___6_dll_d006663.o)
                0x0000000140001aa8                operator new(unsigned long long)
 .text          0x0000000140001ab0        0x8 E:/bin/msys64/mingw64/bin/../lib/gcc/x86_64-w64-mingw32/12.1.0/../../../../lib/libstdc++.dll.a(libstdc___6_dll_d006657.o)
                0x0000000140001ab0                operator delete(void*, unsigned long long)
 .text          0x0000000140001ab8        0x8 E:/bin/msys64/mingw64/bin/../lib/gcc/x86_64-w64-mingw32/12.1.0/../../../../lib/libstdc++.dll.a(libstdc___6_dll_d005446.o)
                0x0000000140001ab8                std::__throw_length_error(char const*)
 .text          0x0000000140001ac0        0x8 E:/bin/msys64/mingw64/bin/../lib/gcc/x86_64-w64-mingw32/12.1.0/../../../../lib/libstdc++.dll.a(libstdc___6_dll_d004256.o)
                0x0000000140001ac0                std::chrono::_V2::steady_clock::now()
 *fill*         0x0000000140001ac8        0x8 
 .text          0x0000000140001ad0       0xd0 E:/bin/msys64/mingw64/bin/../lib/gcc/x86_64-w64-mingw32/12.1.0/../../../../lib/libmingw32.a(lib64_libmingw32_a-gccmain.o)
                0x0000000140001ad0                __do_global_dtors
                0x0000000140001b10                __do_global_ctors
                0x0000000140001b80                __main
 .text          0x0000000140001ba0        0x0 E:/bin/msys64/mingw64/bin/../lib/gcc/x86_64-w64-mingw32/12.1.0/../../../../lib/libmingw32.a(lib64_libmingw32_a-natstart.o)
 .text          0x0000000140001ba0        0x0 E:/bin/msys64/mingw64/bin/../lib/gcc/x86_64-w64-mingw32/12.1.0/../../../../lib/libmingw32.a(lib64_libmingw32_a-wildcard.o)
 .text          0x0000000140001ba0       0x10 E:/bin/msys64/mingw64/bin/../lib/gcc/x86_64-w64-mingw32/12.1.0/../../../../lib/libmingw32.a(lib64_libmingw32_a-dllargv.o)
                0x0000000140001ba0                _setargv
 .text          0x0000000140001bb0        0x0 E:/bin/msys64/mingw64/bin/../lib/gcc/x86_64-w64-mingw32/12.1.0/../../../../lib/libmingw32.a(lib64_libmingw32_a-_newmode.o)
 .text          0x0000000140001bb0       0xd0 E:/bin/msys64/mingw64/bin/../lib/gcc/x86_64-w64-mingw32/12.1.0/../../../../lib/libmingw32.a(lib64_libmingw32_a-tlssup.o)
                0x0000000140001be0                __dyn_tls_init
                0x0000000140001c70                __tlregdtor
 .text          0x0000000140001c80        0x0 E:/bin/msys64/mingw64/bin/../lib/gcc/x86_64-w64-mingw32/12.1.0/../../../../lib/libmingw32.a(lib64_libmingw32_a-xncommod.o)
 .text          0x0000000140001c80        0x0 E:/bin/msys64/mingw64/bin/../lib/gcc/x86_64-w64-mingw32/12.1.0/../../../../lib/libmingw32.a(lib64_libmingw32_a-cinitexe.o)
 .text          0x0000000140001c80      0x100 E:/bin/msys64/mingw64/bin/../lib/gcc/x86_64-w64-mingw32/12.1.0/../../../../lib/libmingw32.a(lib64_libmingw32_a-merr.o)
                0x0000000140001c80                _matherr
 .text          0x0000000140001d80       0x10 E:/bin/msys64/mingw64/bin/../lib/gcc/x86_64-w64-mingw32/12.1.0/../../../../lib/libmingw32.a(lib64_libmingw32_a-CRT_fp10.o)
                0x0000000140001d80                fpreset
                0x0000000140001d80                _fpreset
 .text          0x0000000140001d90        0x0 E:/bin/msys64/mingw64/bin/../lib/gcc/x86_64-w64-mingw32/12.1.0/../../../../lib/libmingw32.a(lib64_libmingw32_a-mingw_helpers.o)
 .text          0x0000000140001d90      0x540 E:/bin/msys64/mingw64/bin/../lib/gcc/x86_64-w64-mingw32/12.1.0/../../../../lib/libmingw32.a(lib64_libmingw32_a-pseudo-reloc.o)
                0x0000000140001f70                _pei386_runtime_relocator
 .text          0x00000001400022d0       0x50 E:/bin/msys64/mingw64/bin/../lib/gcc/x86_64-w64-mingw32/12.1.0/../../../../lib/libmingw32.a(lib64_libmingw32_a-usermatherr.o)
                0x00000001400022d0                __mingw_raise_matherr
                0x0000000140002310                __mingw_setusermatherr
 .text          0x0000000140002320        0x0 E:/bin/msys64/mingw64/bin/../lib/gcc/x86_64-w64-mingw32/12.1.0/../../../../lib/libmingw32.a(lib64_libmingw32_a-xtxtmode.o)
 .text          0x0000000140002320      0x1a0 E:/bin/msys64/mingw64/bin/../lib/gcc/x86_64-w64-mingw32/12.1.0/../../../../lib/libmingw32.a(lib64_libmingw32_a-crt_handler.o)
                0x0000000140002320                _gnu_exception_handler
 .text          0x00000001400024c0      0x270 E:/bin/msys64/mingw64/bin/../lib/gcc/x86_64-w64-mingw32/12.1.0/../../../../lib/libmingw32.a(lib64_libmingw32_a-tlsthrd.o)
                0x0000000140002530                ___w64_mingwthr_add_key_dtor
                0x00000001400025a0                ___w64_mingwthr_remove_key_dtor
                0x0000000140002630                __mingw_TLScallback
 .text          0x0000000140002730        0x0 E:/bin/msys64/mingw64/bin/../lib/gcc/x86_64-w64-mingw32/12.1.0/../../../../lib/libmingw32.a(lib64_libmingw32_a-tlsmcrt.o)
 .text          0x0000000140002730        0x0 E:/bin/msys64/mingw64/bin/../lib/gcc/x86_64-w64-mingw32/12.1.0/../../../../lib/libmingw32.a(lib64_libmingw32_a-pseudo-reloc-list.o)
 .text          0x0000000140002730      0x400 E:/bin/msys64/mingw64/bin/../lib/gcc/x86_64-w64-mingw32/12.1.0/../../../../lib/libmingw32.a(lib64_libmingw32_a-pesect.o)
                0x0000000140002730                _ValidateImageBase
                0x0000000140002760                _FindPESection
                0x00000001400027b0                _FindPESectionByName
                0x0000000140002850                __mingw_GetSectionForAddress
                0x00000001400028d0                __mingw_GetSectionCount
                0x0000000140002910                _FindPESectionExec
                0x0000000140002990                _GetPEImageBase
                0x00000001400029d0                _IsNonwritableInCurrentImage
                0x0000000140002a60                __mingw_enum_import_library_names
 .text          0x0000000140002b30        0x8 E:/bin/msys64/mingw64/bin/../lib/gcc/x86_64-w64-mingw32/12.1.0/../../../../lib/libgcc_s.a(libgcc_s_seh_1_dll_d000092.o)
                0x0000000140002b30                __multf3
 .text          0x0000000140002b38        0x8 E:/bin/msys64/mingw64/bin/../lib/gcc/x86_64-w64-mingw32/12.1.0/../../../../lib/libgcc_s.a(libgcc_s_seh_1_dll_d000076.o)
                0x0000000140002b38                __floatunditf
 .text          0x0000000140002b40        0x8 E:/bin/msys64/mingw64/bin/../lib/gcc/x86_64-w64-mingw32/12.1.0/../../../../lib/libgcc_s.a(libgcc_s_seh_1_dll_d000049.o)
                0x0000000140002b40                __extenddftf2
 .text          0x0000000140002b48        0x8 E:/bin/msys64/mingw64/bin/../lib/gcc/x86_64-w64-mingw32/12.1.0/../../../../lib/libgcc_s.a(libgcc_s_seh_1_dll_d000022.o)
                0x0000000140002b48                __addtf3
 .text          0x0000000140002b50        0x8 E:/bin/msys64/mingw64/bin/../lib/gcc/x86_64-w64-mingw32/12.1.0/../../../../lib/libgcc_s.a(libgcc_s_seh_1_dll_d000015.o)
                0x0000000140002b50                _Unwind_Resume
 *fill*         0x0000000140002b58        0x8 
 .text          0x0000000140002b60       0x40 E:/bin/msys64/mingw64/bin/../lib/gcc/x86_64-w64-mingw32/12.1.0/libgcc.a(_chkstk_ms.o)
                0x0000000140002b60                ___chkstk_ms
 .text          0x0000000140002ba0        0x0 E:/bin/msys64/mingw64/bin/../lib/gcc/x86_64-w64-mingw32/12.1.0/libgcc.a(_ctors.o)
 .text          0x0000000140002ba0        0x0 E:/bin/msys64/mingw64/bin/../lib/gcc/x86_64-w64-mingw32/12.1.0/../../../../lib/libmingwex.a(lib64_libmingwex_a-mingw_matherr.o)
 .text          0x0000000140002ba0       0x50 E:/bin/msys64/mingw64/bin/../lib/gcc/x86_64-w64-mingw32/12.1.0/../../../../lib/libmingwex.a(lib64_libmingwex_a-mingw_vfprintf.o)
                0x0000000140002ba0                __mingw_vfprintf
 .text          0x0000000140002bf0     0x25d0 E:/bin/msys64/mingw64/bin/../lib/gcc/x86_64-w64-mingw32/12.1.0/../../../../lib/libmingwex.a(lib64_libmingwex_a-mingw_pformat.o)
                0x00000001400046f0                __mingw_pformat
 .text          0x00000001400051c0      0x270 E:/bin/msys64/mingw64/bin/../lib/gcc/x86_64-w64-mingw32/12.1.0/../../../../lib/libmingwex.a(lib64_libmingwex_a-dmisc.o)
                0x00000001400051c0                __rv_alloc_D2A
                0x0000000140005200                __nrv_alloc_D2A
                0x0000000140005280                __freedtoa
                0x00000001400052b0                __quorem_D2A
 .text          0x0000000140005430     0x17e0 E:/bin/msys64/mingw64/bin/../lib/gcc/x86_64-w64-mingw32/12.1.0/../../../../lib/libmingwex.a(lib64_libmingwex_a-gdtoa.o)
                0x0000000140005430                __gdtoa
 .text          0x0000000140006c10      0x140 E:/bin/msys64/mingw64/bin/../lib/gcc/x86_64-w64-mingw32/12.1.0/../../../../lib/libmingwex.a(lib64_libmingwex_a-gmisc.o)
                0x0000000140006c10                __rshift_D2A
                0x0000000140006d10                __trailz_D2A
 .text          0x0000000140006d50      0xc70 E:/bin/msys64/mingw64/bin/../lib/gcc/x86_64-w64-mingw32/12.1.0/../../../../lib/libmingwex.a(lib64_libmingwex_a-misc.o)
                0x0000000140006e80                __Balloc_D2A
                0x0000000140006f70                __Bfree_D2A
                0x0000000140006fe0                __multadd_D2A
                0x00000001400070a0                __i2b_D2A
                0x0000000140007160                __mult_D2A
                0x00000001400072c0                __pow5mult_D2A
                0x0000000140007440                __lshift_D2A
                0x0000000140007550                __cmp_D2A
                0x00000001400075a0                __diff_D2A
                0x0000000140007780                __b2d_D2A
                0x0000000140007890                __d2b_D2A
                0x0000000140007990                __strcp_D2A
 .text          0x00000001400079c0       0x30 E:/bin/msys64/mingw64/bin/../lib/gcc/x86_64-w64-mingw32/12.1.0/../../../../lib/libmingwex.a(lib64_libmingwex_a-strnlen.o)
                0x00000001400079c0                strnlen
 .text          0x00000001400079f0       0x30 E:/bin/msys64/mingw64/bin/../lib/gcc/x86_64-w64-mingw32/12.1.0/../../../../lib/libmingwex.a(lib64_libmingwex_a-wcsnlen.o)
                0x00000001400079f0                wcsnlen
 .text          0x0000000140007a20       0x10 E:/bin/msys64/mingw64/bin/../lib/gcc/x86_64-w64-mingw32/12.1.0/../../../../lib/libmsvcrt.a(lib64_libmsvcrt_extra_a-__p__fmode.o)
                0x0000000140007a20                __p__fmode
 .text          0x0000000140007a30       0x10 E:/bin/msys64/mingw64/bin/../lib/gcc/x86_64-w64-mingw32/12.1.0/../../../../lib/libmsvcrt.a(lib64_libmsvcrt_extra_a-__p__commode.o)
                0x0000000140007a30                __p__commode
 .text          0x0000000140007a40       0x10 E:/bin/msys64/mingw64/bin/../lib/gcc/x86_64-w64-mingw32/12.1.0/../../../../lib/libmsvcrt.a(lib64_libmsvcrt_extra_a-__p__acmdln.o)
                0x0000000140007a40                __p__acmdln
 .text          0x0000000140007a50       0xd0 E:/bin/msys64/mingw64/bin/../lib/gcc/x86_64-w64-mingw32/12.1.0/../../../../lib/libmsvcrt.a(lib64_libmsvcrt_extra_a-mingw_lock.o)
                0x0000000140007a50                _lock_file
                0x0000000140007ac0                _unlock_file
 .text          0x0000000140007b20       0x20 E:/bin/msys64/mingw64/bin/../lib/gcc/x86_64-w64-mingw32/12.1.0/../../../../lib/libmsvcrt.a(lib64_libmsvcrt_extra_a-invalid_parameter_handler.o)
                0x0000000140007b20                _get_invalid_parameter_handler
                0x0000000140007b30                _set_invalid_parameter_handler
 .text          0x0000000140007b40       0x20 E:/bin/msys64/mingw64/bin/../lib/gcc/x86_64-w64-mingw32/12.1.0/../../../../lib/libmsvcrt.a(lib64_libmsvcrt_common_a-acrt_iob_func.o)
                0x0000000140007b40                __acrt_iob_func
 .text          0x0000000140007b60      0x1d0 E:/bin/msys64/mingw64/bin/../lib/gcc/x86_64-w64-mingw32/12.1.0/../../../../lib/libmsvcrt.a(lib64_libmsvcrt_common_a-wcrtomb.o)
                0x0000000140007bf0                wcrtomb
                0x0000000140007c30                wcsrtombs
 .text          0x0000000140007d30      0x340 E:/bin/msys64/mingw64/bin/../lib/gcc/x86_64-w64-mingw32/12.1.0/../../../../lib/libmsvcrt.a(lib64_libmsvcrt_common_a-mbrtowc.o)
                0x0000000140007e90                mbrtowc
                0x0000000140007f00                mbsrtowcs
                0x0000000140008010                mbrlen
 .text          0x0000000140008070        0x8 E:/bin/msys64/mingw64/bin/../lib/gcc/x86_64-w64-mingw32/12.1.0/../../../../lib/libmsvcrt.a(libmsvcrt_defs00055.o)
                0x0000000140008070                __C_specific_handler
 .text          0x0000000140008078        0x8 E:/bin/msys64/mingw64/bin/../lib/gcc/x86_64-w64-mingw32/12.1.0/../../../../lib/libmsvcrt.a(libmsvcrt_defs00063.o)
                0x0000000140008078                ___lc_codepage_func
 .text          0x0000000140008080        0x8 E:/bin/msys64/mingw64/bin/../lib/gcc/x86_64-w64-mingw32/12.1.0/../../../../lib/libmsvcrt.a(libmsvcrt_defs00066.o)
                0x0000000140008080                ___mb_cur_max_func
 .text          0x0000000140008088        0x8 E:/bin/msys64/mingw64/bin/../lib/gcc/x86_64-w64-mingw32/12.1.0/../../../../lib/libmsvcrt.a(libmsvcrt_defs00081.o)
                0x0000000140008088                __getmainargs
 .text          0x0000000140008090        0x0 E:/bin/msys64/mingw64/bin/../lib/gcc/x86_64-w64-mingw32/12.1.0/../../../../lib/libmsvcrt.a(libmsvcrt_defs00082.o)
 .text          0x0000000140008090        0x8 E:/bin/msys64/mingw64/bin/../lib/gcc/x86_64-w64-mingw32/12.1.0/../../../../lib/libmsvcrt.a(libmsvcrt_defs00083.o)
                0x0000000140008090                __iob_func
 .text          0x0000000140008098        0x8 E:/bin/msys64/mingw64/bin/../lib/gcc/x86_64-w64-mingw32/12.1.0/../../../../lib/libmsvcrt.a(libmsvcrt_defs00097.o)
                0x0000000140008098                __set_app_type
 .text          0x00000001400080a0        0x8 E:/bin/msys64/mingw64/bin/../lib/gcc/x86_64-w64-mingw32/12.1.0/../../../../lib/libmsvcrt.a(libmsvcrt_defs00099.o)
                0x00000001400080a0                __setusermatherr
 .text          0x00000001400080a8        0x0 E:/bin/msys64/mingw64/bin/../lib/gcc/x86_64-w64-mingw32/12.1.0/../../../../lib/libmsvcrt.a(libmsvcrt_defs00116.o)
 .text          0x00000001400080a8        0x8 E:/bin/msys64/mingw64/bin/../lib/gcc/x86_64-w64-mingw32/12.1.0/../../../../lib/libmsvcrt.a(libmsvcrt_defs00123.o)
                0x00000001400080a8                _amsg_exit
 .text          0x00000001400080b0        0x8 E:/bin/msys64/mingw64/bin/../lib/gcc/x86_64-w64-mingw32/12.1.0/../../../../lib/libmsvcrt.a(libmsvcrt_defs00141.o)
                0x00000001400080b0                _cexit
 .text          0x00000001400080b8        0x0 E:/bin/msys64/mingw64/bin/../lib/gcc/x86_64-w64-mingw32/12.1.0/../../../../lib/libmsvcrt.a(libmsvcrt_defs00157.o)
 .text          0x00000001400080b8        0x8 E:/bin/msys64/mingw64/bin/../lib/gcc/x86_64-w64-mingw32/12.1.0/../../../../lib/libmsvcrt.a(libmsvcrt_defs00204.o)
                0x00000001400080b8                _errno
 .text          0x00000001400080c0        0x0 E:/bin/msys64/mingw64/bin/../lib/gcc/x86_64-w64-mingw32/12.1.0/../../../../lib/libmsvcrt.a(libmsvcrt_defs00254.o)
 .text          0x00000001400080c0        0x8 E:/bin/msys64/mingw64/bin/../lib/gcc/x86_64-w64-mingw32/12.1.0/../../../../lib/libmsvcrt.a(libmsvcrt_defs00332.o)
                0x00000001400080c0                _initterm
 .text          0x00000001400080c8        0x8 E:/bin/msys64/mingw64/bin/../lib/gcc/x86_64-w64-mingw32/12.1.0/../../../../lib/libmsvcrt.a(libmsvcrt_defs00442.o)
                0x00000001400080c8                _lock
 .text          0x00000001400080d0        0x8 E:/bin/msys64/mingw64/bin/../lib/gcc/x86_64-w64-mingw32/12.1.0/../../../../lib/libmsvcrt.a(libmsvcrt_defs00614.o)
                0x00000001400080d0                _onexit
 .text          0x00000001400080d8        0x8 E:/bin/msys64/mingw64/bin/../lib/gcc/x86_64-w64-mingw32/12.1.0/../../../../lib/libmsvcrt.a(libmsvcrt_defs00752.o)
                0x00000001400080d8                _strnicmp
 .text          0x00000001400080e0        0x8 E:/bin/msys64/mingw64/bin/../lib/gcc/x86_64-w64-mingw32/12.1.0/../../../../lib/libmsvcrt.a(libmsvcrt_defs00823.o)
                0x00000001400080e0                _unlock
 .text          0x00000001400080e8        0x8 E:/bin/msys64/mingw64/bin/../lib/gcc/x86_64-w64-mingw32/12.1.0/../../../../lib/libmsvcrt.a(libmsvcrt_defs01038.o)
                0x00000001400080e8                abort
 .text          0x00000001400080f0        0x8 E:/bin/msys64/mingw64/bin/../lib/gcc/x86_64-w64-mingw32/12.1.0/../../../../lib/libmsvcrt.a(libmsvcrt_defs01056.o)
                0x00000001400080f0                calloc
 .text          0x00000001400080f8        0x8 E:/bin/msys64/mingw64/bin/../lib/gcc/x86_64-w64-mingw32/12.1.0/../../../../lib/libmsvcrt.a(libmsvcrt_defs01069.o)
                0x00000001400080f8                exit
 .text          0x0000000140008100        0x8 E:/bin/msys64/mingw64/bin/../lib/gcc/x86_64-w64-mingw32/12.1.0/../../../../lib/libmsvcrt.a(libmsvcrt_defs01090.o)
                0x0000000140008100                fprintf
 .text          0x0000000140008108        0x8 E:/bin/msys64/mingw64/bin/../lib/gcc/x86_64-w64-mingw32/12.1.0/../../../../lib/libmsvcrt.a(libmsvcrt_defs01092.o)
                0x0000000140008108                fputc
 .text          0x0000000140008110        0x8 E:/bin/msys64/mingw64/bin/../lib/gcc/x86_64-w64-mingw32/12.1.0/../../../../lib/libmsvcrt.a(libmsvcrt_defs01097.o)
                0x0000000140008110                free
 .text          0x0000000140008118        0x8 E:/bin/msys64/mingw64/bin/../lib/gcc/x86_64-w64-mingw32/12.1.0/../../../../lib/libmsvcrt.a(libmsvcrt_defs01110.o)
                0x0000000140008118                fwrite
 .text          0x0000000140008120        0x8 E:/bin/msys64/mingw64/bin/../lib/gcc/x86_64-w64-mingw32/12.1.0/../../../../lib/libmsvcrt.a(libmsvcrt_defs01151.o)
                0x0000000140008120                localeconv
 .text          0x0000000140008128        0x8 E:/bin/msys64/mingw64/bin/../lib/gcc/x86_64-w64-mingw32/12.1.0/../../../../lib/libmsvcrt.a(libmsvcrt_defs01158.o)
                0x0000000140008128                malloc
 .text          0x0000000140008130        0x8 E:/bin/msys64/mingw64/bin/../lib/gcc/x86_64-w64-mingw32/12.1.0/../../../../lib/libmsvcrt.a(libmsvcrt_defs01166.o)
                0x0000000140008130                memcpy
 .text          0x0000000140008138        0x8 E:/bin/msys64/mingw64/bin/../lib/gcc/x86_64-w64-mingw32/12.1.0/../../../../lib/libmsvcrt.a(libmsvcrt_defs01167.o)
                0x0000000140008138                memmove
 .text          0x0000000140008140        0x8 E:/bin/msys64/mingw64/bin/../lib/gcc/x86_64-w64-mingw32/12.1.0/../../../../lib/libmsvcrt.a(libmsvcrt_defs01168.o)
                0x0000000140008140                memset
 .text          0x0000000140008148        0x8 E:/bin/msys64/mingw64/bin/../lib/gcc/x86_64-w64-mingw32/12.1.0/../../../../lib/libmsvcrt.a(libmsvcrt_defs01198.o)
                0x0000000140008148                signal
 .text          0x0000000140008150        0x8 E:/bin/msys64/mingw64/bin/../lib/gcc/x86_64-w64-mingw32/12.1.0/../../../../lib/libmsvcrt.a(libmsvcrt_defs01219.o)
                0x0000000140008150                strerror
 .text          0x0000000140008158        0x8 E:/bin/msys64/mingw64/bin/../lib/gcc/x86_64-w64-mingw32/12.1.0/../../../../lib/libmsvcrt.a(libmsvcrt_defs01221.o)
                0x0000000140008158                strlen
 .text          0x0000000140008160        0x8 E:/bin/msys64/mingw64/bin/../lib/gcc/x86_64-w64-mingw32/12.1.0/../../../../lib/libmsvcrt.a(libmsvcrt_defs01224.o)
                0x0000000140008160                strncmp
 .text          0x0000000140008168        0x8 E:/bin/msys64/mingw64/bin/../lib/gcc/x86_64-w64-mingw32/12.1.0/../../../../lib/libmsvcrt.a(libmsvcrt_defs01235.o)
                0x0000000140008168                strtol
 .text          0x0000000140008170        0x8 E:/bin/msys64/mingw64/bin/../lib/gcc/x86_64-w64-mingw32/12.1.0/../../../../lib/libmsvcrt.a(libmsvcrt_defs01259.o)
                0x0000000140008170                vfprintf
 .text          0x0000000140008178        0x8 E:/bin/msys64/mingw64/bin/../lib/gcc/x86_64-w64-mingw32/12.1.0/../../../../lib/libmsvcrt.a(libmsvcrt_defs01285.o)
                0x0000000140008178                wcslen
 .text          0x0000000140008180        0x0 E:/bin/msys64/mingw64/bin/../lib/gcc/x86_64-w64-mingw32/12.1.0/../../../../lib/libmsvcrt.a(libmsvcrt_defh.o)
 .text          0x0000000140008180        0x0 E:/bin/msys64/mingw64/bin/../lib/gcc/x86_64-w64-mingw32/12.1.0/../../../../lib/libmsvcrt.a(libmsvcrt_deft.o)
 .text          0x0000000140008180        0x8 E:/bin/msys64/mingw64/bin/../lib/gcc/x86_64-w64-mingw32/12.1.0/../../../../lib/libkernel32.a(libkernel32s01543.o)
                0x0000000140008180                WideCharToMultiByte
 .text          0x0000000140008188        0x8 E:/bin/msys64/mingw64/bin/../lib/gcc/x86_64-w64-mingw32/12.1.0/../../../../lib/libkernel32.a(libkernel32s01490.o)
                0x0000000140008188                VirtualQuery
 .text          0x0000000140008190        0x8 E:/bin/msys64/mingw64/bin/../lib/gcc/x86_64-w64-mingw32/12.1.0/../../../../lib/libkernel32.a(libkernel32s01488.o)
                0x0000000140008190                VirtualProtect
 .text          0x0000000140008198        0x8 E:/bin/msys64/mingw64/bin/../lib/gcc/x86_64-w64-mingw32/12.1.0/../../../../lib/libkernel32.a(libkernel32s01441.o)
                0x0000000140008198                TlsGetValue
 .text          0x00000001400081a0        0x8 E:/bin/msys64/mingw64/bin/../lib/gcc/x86_64-w64-mingw32/12.1.0/../../../../lib/libkernel32.a(libkernel32s01406.o)
                0x00000001400081a0                Sleep
 .text          0x00000001400081a8        0x8 E:/bin/msys64/mingw64/bin/../lib/gcc/x86_64-w64-mingw32/12.1.0/../../../../lib/libkernel32.a(libkernel32s01390.o)
                0x00000001400081a8                SetUnhandledExceptionFilter
 .text          0x00000001400081b0        0x8 E:/bin/msys64/mingw64/bin/../lib/gcc/x86_64-w64-mingw32/12.1.0/../../../../lib/libkernel32.a(libkernel32s01033.o)
                0x00000001400081b0                MultiByteToWideChar
 .text          0x00000001400081b8        0x8 E:/bin/msys64/mingw64/bin/../lib/gcc/x86_64-w64-mingw32/12.1.0/../../../../lib/libkernel32.a(libkernel32s00981.o)
                0x00000001400081b8                LeaveCriticalSection
 .text          0x00000001400081c0        0x8 E:/bin/msys64/mingw64/bin/../lib/gcc/x86_64-w64-mingw32/12.1.0/../../../../lib/libkernel32.a(libkernel32s00916.o)
                0x00000001400081c0                IsDBCSLeadByteEx
 .text          0x00000001400081c8        0x8 E:/bin/msys64/mingw64/bin/../lib/gcc/x86_64-w64-mingw32/12.1.0/../../../../lib/libkernel32.a(libkernel32s00889.o)
                0x00000001400081c8                InitializeCriticalSection
 .text          0x00000001400081d0        0x8 E:/bin/msys64/mingw64/bin/../lib/gcc/x86_64-w64-mingw32/12.1.0/../../../../lib/libkernel32.a(libkernel32s00740.o)
                0x00000001400081d0                GetStartupInfoA
 .text          0x00000001400081d8        0x8 E:/bin/msys64/mingw64/bin/../lib/gcc/x86_64-w64-mingw32/12.1.0/../../../../lib/libkernel32.a(libkernel32s00627.o)
                0x00000001400081d8                GetLastError
 .text          0x00000001400081e0        0x8 E:/bin/msys64/mingw64/bin/../lib/gcc/x86_64-w64-mingw32/12.1.0/../../../../lib/libkernel32.a(libkernel32s00316.o)
                0x00000001400081e0                EnterCriticalSection
 .text          0x00000001400081e8        0x8 E:/bin/msys64/mingw64/bin/../lib/gcc/x86_64-w64-mingw32/12.1.0/../../../../lib/libkernel32.a(libkernel32s00280.o)
                0x00000001400081e8                DeleteCriticalSection
 .text          0x00000001400081f0        0x0 E:/bin/msys64/mingw64/bin/../lib/gcc/x86_64-w64-mingw32/12.1.0/../../../../lib/libkernel32.a(libkernel32h.o)
 .text          0x00000001400081f0        0x0 E:/bin/msys64/mingw64/bin/../lib/gcc/x86_64-w64-mingw32/12.1.0/../../../../lib/libkernel32.a(libkernel32t.o)
 .text          0x00000001400081f0        0x0 E:/bin/msys64/mingw64/bin/../lib/gcc/x86_64-w64-mingw32/12.1.0/crtend.o
 *(SORT_BY_NAME(.text$*))
 .text$_Z6printfPKcz
                0x00000001400081f0       0x50 mm_speed.o
                0x00000001400081f0                printf(char const*, ...)
 .text$_Z7fprintfP6_iobufPKcz
                0x0000000140008240       0x30 mm_speed.o
                0x0000000140008240                fprintf(_iobuf*, char const*, ...)
 .text$_ZNSt12_Vector_baseIgSaIgEED2Ev
                0x0000000140008270       0x30 mm_speed.o
                0x0000000140008270                std::_Vector_base<__float128, std::allocator<__float128> >::~_Vector_base()
 .text$_ZNSt12_Vector_baseIxSaIxEED2Ev
                0x00000001400082a0       0x30 mm_speed.o
                0x00000001400082a0                std::_Vector_base<long long, std::allocator<long long> >::~_Vector_base()
 .text$_ZNSt23mersenne_twister_engineIyLy64ELy312ELy156ELy31ELy13043109905998158313ELy29ELy6148914691236517205ELy17ELy8202884508482404352ELy37ELy18444473444759240704ELy43ELy6364136223846793005EE11_M_gen_randEv
                0x00000001400082d0      0x160 mm_speed.o
                0x00000001400082d0                std::mersenne_twister_engine<unsigned long long, 64ull, 312ull, 156ull, 31ull, 13043109905998158313ull, 29ull, 6148914691236517205ull, 17ull, 8202884508482404352ull, 37ull, 18444473444759240704ull, 43ull, 6364136223846793005ull>::_M_gen_rand()
 .text$_ZNSt23mersenne_twister_engineIyLy64ELy312ELy156ELy31ELy13043109905998158313ELy29ELy6148914691236517205ELy17ELy8202884508482404352ELy37ELy18444473444759240704ELy43ELy6364136223846793005EEclEv
                0x0000000140008430       0x90 mm_speed.o
                0x0000000140008430                std::mersenne_twister_engine<unsigned long long, 64ull, 312ull, 156ull, 31ull, 13043109905998158313ull, 29ull, 6148914691236517205ull, 17ull, 8202884508482404352ull, 37ull, 18444473444759240704ull, 43ull, 6364136223846793005ull>::operator()()
 *(.text.*)
 .text.startup  0x00000001400084c0      0x9c0 mm_speed.o
                0x00000001400084c0                main
 .text.startup  0x0000000140008e80       0x10 E:/bin/msys64/mingw64/bin/../lib/gcc/x86_64-w64-mingw32/12.1.0/crtend.o
 *(.gnu.linkonce.t.*)
 *(.glue_7t)
 *(.glue_7)
                0x0000000140008e90                . = ALIGN (0x8)
                0x0000000140008e90                ___CTOR_LIST__ = .
                0x0000000140008e90                __CTOR_LIST__ = .
                0x0000000140008e90        0x4 LONG 0xffffffffffffffff
                0x0000000140008e94        0x4 LONG 0xffffffffffffffff
 *(.ctors)
 *(.ctor)
 *(SORT_BY_NAME(.ctors.*))
 .ctors.65535   0x0000000140008e98        0x8 E:/bin/msys64/mingw64/bin/../lib/gcc/x86_64-w64-mingw32/12.1.0/crtend.o
                0x0000000140008ea0        0x4 LONG 0x0
                0x0000000140008ea4        0x4 LONG 0x0
                0x0000000140008ea8                ___DTOR_LIST__ = .
                0x0000000140008ea8                __DTOR_LIST__ = .
                0x0000000140008ea8        0x4 LONG 0xffffffffffffffff
                0x0000000140008eac        0x4 LONG 0xffffffffffffffff
 *(.dtors)
 *(.dtor)
 *(SORT_BY_NAME(.dtors.*))
                0x0000000140008eb0        0x4 LONG 0x0
                0x0000000140008eb4        0x4 LONG 0x0
 *(SORT_NONE(.fini))
 *(.gcc_exc)
                [!provide]                        PROVIDE (etext = .)
 *(.gcc_except_table)

.data           0x0000000140009000      0x200
                0x0000000140009000                __data_start__ = .
 *(.data)
 .data          0x0000000140009000       0x10 E:/bin/msys64/mingw64/bin/../lib/gcc/x86_64-w64-mingw32/12.1.0/../../../../lib/crt2.o
                0x0000000140009000                __mingw_winmain_nShowCmd
 .data          0x0000000140009010        0x0 E:/bin/msys64/mingw64/bin/../lib/gcc/x86_64-w64-mingw32/12.1.0/crtbegin.o
 .data          0x0000000140009010        0x0 mm_speed.o
 .data          0x0000000140009010        0x0 matmulq.o
 .data          0x0000000140009010       0x10 E:/bin/msys64/mingw64/bin/../lib/gcc/x86_64-w64-mingw32/12.1.0/../../../../lib/libmingw32.a(lib64_libmingw32_a-gccmain.o)
 .data          0x0000000140009020       0x10 E:/bin/msys64/mingw64/bin/../lib/gcc/x86_64-w64-mingw32/12.1.0/../../../../lib/libmingw32.a(lib64_libmingw32_a-natstart.o)
                0x0000000140009020                __native_vcclrit_reason
                0x0000000140009024                __native_dllmain_reason
 .data          0x0000000140009030       0x10 E:/bin/msys64/mingw64/bin/../lib/gcc/x86_64-w64-mingw32/12.1.0/../../../../lib/libmingw32.a(lib64_libmingw32_a-wildcard.o)
                0x0000000140009030                _dowildcard
 .data          0x0000000140009040        0x0 E:/bin/msys64/mingw64/bin/../lib/gcc/x86_64-w64-mingw32/12.1.0/../../../../lib/libmingw32.a(lib64_libmingw32_a-dllargv.o)
 .data          0x0000000140009040        0x0 E:/bin/msys64/mingw64/bin/../lib/gcc/x86_64-w64-mingw32/12.1.0/../../../../lib/libmingw32.a(lib64_libmingw32_a-_newmode.o)
 .data          0x0000000140009040        0x0 E:/bin/msys64/mingw64/bin/../lib/gcc/x86_64-w64-mingw32/12.1.0/../../../../lib/libmingw32.a(lib64_libmingw32_a-tlssup.o)
 .data          0x0000000140009040        0x0 E:/bin/msys64/mingw64/bin/../lib/gcc/x86_64-w64-mingw32/12.1.0/../../../../lib/libmingw32.a(lib64_libmingw32_a-xncommod.o)
 .data          0x0000000140009040        0x0 E:/bin/msys64/mingw64/bin/../lib/gcc/x86_64-w64-mingw32/12.1.0/../../../../lib/libmingw32.a(lib64_libmingw32_a-cinitexe.o)
 .data          0x0000000140009040        0x0 E:/bin/msys64/mingw64/bin/../lib/gcc/x86_64-w64-mingw32/12.1.0/../../../../lib/libmingw32.a(lib64_libmingw32_a-merr.o)
 .data          0x0000000140009040        0x0 E:/bin/msys64/mingw64/bin/../lib/gcc/x86_64-w64-mingw32/12.1.0/../../../../lib/libmingw32.a(lib64_libmingw32_a-CRT_fp10.o)
 .data          0x0000000140009040        0x0 E:/bin/msys64/mingw64/bin/../lib/gcc/x86_64-w64-mingw32/12.1.0/../../../../lib/libmingw32.a(lib64_libmingw32_a-mingw_helpers.o)
 .data          0x0000000140009040        0x0 E:/bin/msys64/mingw64/bin/../lib/gcc/x86_64-w64-mingw32/12.1.0/../../../../lib/libmingw32.a(lib64_libmingw32_a-pseudo-reloc.o)
 .data          0x0000000140009040        0x0 E:/bin/msys64/mingw64/bin/../lib/gcc/x86_64-w64-mingw32/12.1.0/../../../../lib/libmingw32.a(lib64_libmingw32_a-usermatherr.o)
 .data          0x0000000140009040        0x0 E:/bin/msys64/mingw64/bin/../lib/gcc/x86_64-w64-mingw32/12.1.0/../../../../lib/libmingw32.a(lib64_libmingw32_a-xtxtmode.o)
 .data          0x0000000140009040        0x0 E:/bin/msys64/mingw64/bin/../lib/gcc/x86_64-w64-mingw32/12.1.0/../../../../lib/libmingw32.a(lib64_libmingw32_a-crt_handler.o)
 .data          0x0000000140009040        0x0 E:/bin/msys64/mingw64/bin/../lib/gcc/x86_64-w64-mingw32/12.1.0/../../../../lib/libmingw32.a(lib64_libmingw32_a-tlsthrd.o)
 .data          0x0000000140009040       0x10 E:/bin/msys64/mingw64/bin/../lib/gcc/x86_64-w64-mingw32/12.1.0/../../../../lib/libmingw32.a(lib64_libmingw32_a-tlsmcrt.o)
                0x0000000140009040                _CRT_MT
 .data          0x0000000140009050        0x0 E:/bin/msys64/mingw64/bin/../lib/gcc/x86_64-w64-mingw32/12.1.0/../../../../lib/libmingw32.a(lib64_libmingw32_a-pseudo-reloc-list.o)
 .data          0x0000000140009050        0x0 E:/bin/msys64/mingw64/bin/../lib/gcc/x86_64-w64-mingw32/12.1.0/../../../../lib/libmingw32.a(lib64_libmingw32_a-pesect.o)
 .data          0x0000000140009050        0x0 E:/bin/msys64/mingw64/bin/../lib/gcc/x86_64-w64-mingw32/12.1.0/libgcc.a(_chkstk_ms.o)
 .data          0x0000000140009050        0x0 E:/bin/msys64/mingw64/bin/../lib/gcc/x86_64-w64-mingw32/12.1.0/libgcc.a(_ctors.o)
 .data          0x0000000140009050       0x10 E:/bin/msys64/mingw64/bin/../lib/gcc/x86_64-w64-mingw32/12.1.0/../../../../lib/libmingwex.a(lib64_libmingwex_a-mingw_matherr.o)
                0x0000000140009050                _MINGW_INSTALL_DEBUG_MATHERR
 .data          0x0000000140009060        0x0 E:/bin/msys64/mingw64/bin/../lib/gcc/x86_64-w64-mingw32/12.1.0/../../../../lib/libmingwex.a(lib64_libmingwex_a-mingw_vfprintf.o)
 .data          0x0000000140009060       0x20 E:/bin/msys64/mingw64/bin/../lib/gcc/x86_64-w64-mingw32/12.1.0/../../../../lib/libmingwex.a(lib64_libmingwex_a-mingw_pformat.o)
 .data          0x0000000140009080        0x0 E:/bin/msys64/mingw64/bin/../lib/gcc/x86_64-w64-mingw32/12.1.0/../../../../lib/libmingwex.a(lib64_libmingwex_a-dmisc.o)
 .data          0x0000000140009080        0x0 E:/bin/msys64/mingw64/bin/../lib/gcc/x86_64-w64-mingw32/12.1.0/../../../../lib/libmingwex.a(lib64_libmingwex_a-gdtoa.o)
 .data          0x0000000140009080        0x0 E:/bin/msys64/mingw64/bin/../lib/gcc/x86_64-w64-mingw32/12.1.0/../../../../lib/libmingwex.a(lib64_libmingwex_a-gmisc.o)
 .data          0x0000000140009080       0x10 E:/bin/msys64/mingw64/bin/../lib/gcc/x86_64-w64-mingw32/12.1.0/../../../../lib/libmingwex.a(lib64_libmingwex_a-misc.o)
 .data          0x0000000140009090        0x0 E:/bin/msys64/mingw64/bin/../lib/gcc/x86_64-w64-mingw32/12.1.0/../../../../lib/libmingwex.a(lib64_libmingwex_a-strnlen.o)
 .data          0x0000000140009090        0x0 E:/bin/msys64/mingw64/bin/../lib/gcc/x86_64-w64-mingw32/12.1.0/../../../../lib/libmingwex.a(lib64_libmingwex_a-wcsnlen.o)
 .data          0x0000000140009090       0x10 E:/bin/msys64/mingw64/bin/../lib/gcc/x86_64-w64-mingw32/12.1.0/../../../../lib/libmsvcrt.a(lib64_libmsvcrt_extra_a-__p__fmode.o)
                0x0000000140009090                __imp___p__fmode
 .data          0x00000001400090a0       0x10 E:/bin/msys64/mingw64/bin/../lib/gcc/x86_64-w64-mingw32/12.1.0/../../../../lib/libmsvcrt.a(lib64_libmsvcrt_extra_a-__p__commode.o)
                0x00000001400090a0                __imp___p__commode
 .data          0x00000001400090b0       0x10 E:/bin/msys64/mingw64/bin/../lib/gcc/x86_64-w64-mingw32/12.1.0/../../../../lib/libmsvcrt.a(lib64_libmsvcrt_extra_a-__p__acmdln.o)
                0x00000001400090b0                __imp___p__acmdln
 .data          0x00000001400090c0       0x10 E:/bin/msys64/mingw64/bin/../lib/gcc/x86_64-w64-mingw32/12.1.0/../../../../lib/libmsvcrt.a(lib64_libmsvcrt_extra_a-mingw_lock.o)
                0x00000001400090c0                __imp__unlock_file
                0x00000001400090c8                __imp__lock_file
 .data          0x00000001400090d0       0x10 E:/bin/msys64/mingw64/bin/../lib/gcc/x86_64-w64-mingw32/12.1.0/../../../../lib/libmsvcrt.a(lib64_libmsvcrt_extra_a-invalid_parameter_handler.o)
                0x00000001400090d0                __imp__get_invalid_parameter_handler
                0x00000001400090d8                __imp__set_invalid_parameter_handler
 .data          0x00000001400090e0       0x10 E:/bin/msys64/mingw64/bin/../lib/gcc/x86_64-w64-mingw32/12.1.0/../../../../lib/libmsvcrt.a(lib64_libmsvcrt_common_a-acrt_iob_func.o)
                0x00000001400090e0                __imp___acrt_iob_func
 .data          0x00000001400090f0        0x0 E:/bin/msys64/mingw64/bin/../lib/gcc/x86_64-w64-mingw32/12.1.0/../../../../lib/libmsvcrt.a(lib64_libmsvcrt_common_a-wcrtomb.o)
 .data          0x00000001400090f0        0x0 E:/bin/msys64/mingw64/bin/../lib/gcc/x86_64-w64-mingw32/12.1.0/../../../../lib/libmsvcrt.a(lib64_libmsvcrt_common_a-mbrtowc.o)
 .data          0x00000001400090f0        0x0 E:/bin/msys64/mingw64/bin/../lib/gcc/x86_64-w64-mingw32/12.1.0/../../../../lib/libmsvcrt.a(libmsvcrt_defs00055.o)
 .data          0x00000001400090f0        0x0 E:/bin/msys64/mingw64/bin/../lib/gcc/x86_64-w64-mingw32/12.1.0/../../../../lib/libmsvcrt.a(libmsvcrt_defs00063.o)
 .data          0x00000001400090f0        0x0 E:/bin/msys64/mingw64/bin/../lib/gcc/x86_64-w64-mingw32/12.1.0/../../../../lib/libmsvcrt.a(libmsvcrt_defs00066.o)
 .data          0x00000001400090f0        0x0 E:/bin/msys64/mingw64/bin/../lib/gcc/x86_64-w64-mingw32/12.1.0/../../../../lib/libmsvcrt.a(libmsvcrt_defs00081.o)
 .data          0x00000001400090f0        0x0 E:/bin/msys64/mingw64/bin/../lib/gcc/x86_64-w64-mingw32/12.1.0/../../../../lib/libmsvcrt.a(libmsvcrt_defs00082.o)
 .data          0x00000001400090f0        0x0 E:/bin/msys64/mingw64/bin/../lib/gcc/x86_64-w64-mingw32/12.1.0/../../../../lib/libmsvcrt.a(libmsvcrt_defs00083.o)
 .data          0x00000001400090f0        0x0 E:/bin/msys64/mingw64/bin/../lib/gcc/x86_64-w64-mingw32/12.1.0/../../../../lib/libmsvcrt.a(libmsvcrt_defs00097.o)
 .data          0x00000001400090f0        0x0 E:/bin/msys64/mingw64/bin/../lib/gcc/x86_64-w64-mingw32/12.1.0/../../../../lib/libmsvcrt.a(libmsvcrt_defs00099.o)
 .data          0x00000001400090f0        0x0 E:/bin/msys64/mingw64/bin/../lib/gcc/x86_64-w64-mingw32/12.1.0/../../../../lib/libmsvcrt.a(libmsvcrt_defs00116.o)
 .data          0x00000001400090f0        0x0 E:/bin/msys64/mingw64/bin/../lib/gcc/x86_64-w64-mingw32/12.1.0/../../../../lib/libmsvcrt.a(libmsvcrt_defs00123.o)
 .data          0x00000001400090f0        0x0 E:/bin/msys64/mingw64/bin/../lib/gcc/x86_64-w64-mingw32/12.1.0/../../../../lib/libmsvcrt.a(libmsvcrt_defs00141.o)
 .data          0x00000001400090f0        0x0 E:/bin/msys64/mingw64/bin/../lib/gcc/x86_64-w64-mingw32/12.1.0/../../../../lib/libmsvcrt.a(libmsvcrt_defs00157.o)
 .data          0x00000001400090f0        0x0 E:/bin/msys64/mingw64/bin/../lib/gcc/x86_64-w64-mingw32/12.1.0/../../../../lib/libmsvcrt.a(libmsvcrt_defs00204.o)
 .data          0x00000001400090f0        0x0 E:/bin/msys64/mingw64/bin/../lib/gcc/x86_64-w64-mingw32/12.1.0/../../../../lib/libmsvcrt.a(libmsvcrt_defs00254.o)
 .data          0x00000001400090f0        0x0 E:/bin/msys64/mingw64/bin/../lib/gcc/x86_64-w64-mingw32/12.1.0/../../../../lib/libmsvcrt.a(libmsvcrt_defs00332.o)
 .data          0x00000001400090f0        0x0 E:/bin/msys64/mingw64/bin/../lib/gcc/x86_64-w64-mingw32/12.1.0/../../../../lib/libmsvcrt.a(libmsvcrt_defs00442.o)
 .data          0x00000001400090f0        0x0 E:/bin/msys64/mingw64/bin/../lib/gcc/x86_64-w64-mingw32/12.1.0/../../../../lib/libmsvcrt.a(libmsvcrt_defs00614.o)
 .data          0x00000001400090f0        0x0 E:/bin/msys64/mingw64/bin/../lib/gcc/x86_64-w64-mingw32/12.1.0/../../../../lib/libmsvcrt.a(libmsvcrt_defs00752.o)
 .data          0x00000001400090f0        0x0 E:/bin/msys64/mingw64/bin/../lib/gcc/x86_64-w64-mingw32/12.1.0/../../../../lib/libmsvcrt.a(libmsvcrt_defs00823.o)
 .data          0x00000001400090f0        0x0 E:/bin/msys64/mingw64/bin/../lib/gcc/x86_64-w64-mingw32/12.1.0/../../../../lib/libmsvcrt.a(libmsvcrt_defs01038.o)
 .data          0x00000001400090f0        0x0 E:/bin/msys64/mingw64/bin/../lib/gcc/x86_64-w64-mingw32/12.1.0/../../../../lib/libmsvcrt.a(libmsvcrt_defs01056.o)
 .data          0x00000001400090f0        0x0 E:/bin/msys64/mingw64/bin/../lib/gcc/x86_64-w64-mingw32/12.1.0/../../../../lib/libmsvcrt.a(libmsvcrt_defs01069.o)
 .data          0x00000001400090f0        0x0 E:/bin/msys64/mingw64/bin/../lib/gcc/x86_64-w64-mingw32/12.1.0/../../../../lib/libmsvcrt.a(libmsvcrt_defs01090.o)
 .data          0x00000001400090f0        0x0 E:/bin/msys64/mingw64/bin/../lib/gcc/x86_64-w64-mingw32/12.1.0/../../../../lib/libmsvcrt.a(libmsvcrt_defs01092.o)
 .data          0x00000001400090f0        0x0 E:/bin/msys64/mingw64/bin/../lib/gcc/x86_64-w64-mingw32/12.1.0/../../../../lib/libmsvcrt.a(libmsvcrt_defs01097.o)
 .data          0x00000001400090f0        0x0 E:/bin/msys64/mingw64/bin/../lib/gcc/x86_64-w64-mingw32/12.1.0/../../../../lib/libmsvcrt.a(libmsvcrt_defs01110.o)
 .data          0x00000001400090f0        0x0 E:/bin/msys64/mingw64/bin/../lib/gcc/x86_64-w64-mingw32/12.1.0/../../../../lib/libmsvcrt.a(libmsvcrt_defs01151.o)
 .data          0x00000001400090f0        0x0 E:/bin/msys64/mingw64/bin/../lib/gcc/x86_64-w64-mingw32/12.1.0/../../../../lib/libmsvcrt.a(libmsvcrt_defs01158.o)
 .data          0x00000001400090f0        0x0 E:/bin/msys64/mingw64/bin/../lib/gcc/x86_64-w64-mingw32/12.1.0/../../../../lib/libmsvcrt.a(libmsvcrt_defs01166.o)
 .data          0x00000001400090f0        0x0 E:/bin/msys64/mingw64/bin/../lib/gcc/x86_64-w64-mingw32/12.1.0/../../../../lib/libmsvcrt.a(libmsvcrt_defs01167.o)
 .data          0x00000001400090f0        0x0 E:/bin/msys64/mingw64/bin/../lib/gcc/x86_64-w64-mingw32/12.1.0/../../../../lib/libmsvcrt.a(libmsvcrt_defs01168.o)
 .data          0x00000001400090f0        0x0 E:/bin/msys64/mingw64/bin/../lib/gcc/x86_64-w64-mingw32/12.1.0/../../../../lib/libmsvcrt.a(libmsvcrt_defs01198.o)
 .data          0x00000001400090f0        0x0 E:/bin/msys64/mingw64/bin/../lib/gcc/x86_64-w64-mingw32/12.1.0/../../../../lib/libmsvcrt.a(libmsvcrt_defs01219.o)
 .data          0x00000001400090f0        0x0 E:/bin/msys64/mingw64/bin/../lib/gcc/x86_64-w64-mingw32/12.1.0/../../../../lib/libmsvcrt.a(libmsvcrt_defs01221.o)
 .data          0x00000001400090f0        0x0 E:/bin/msys64/mingw64/bin/../lib/gcc/x86_64-w64-mingw32/12.1.0/../../../../lib/libmsvcrt.a(libmsvcrt_defs01224.o)
 .data          0x00000001400090f0        0x0 E:/bin/msys64/mingw64/bin/../lib/gcc/x86_64-w64-mingw32/12.1.0/../../../../lib/libmsvcrt.a(libmsvcrt_defs01235.o)
 .data          0x00000001400090f0        0x0 E:/bin/msys64/mingw64/bin/../lib/gcc/x86_64-w64-mingw32/12.1.0/../../../../lib/libmsvcrt.a(libmsvcrt_defs01259.o)
 .data          0x00000001400090f0        0x0 E:/bin/msys64/mingw64/bin/../lib/gcc/x86_64-w64-mingw32/12.1.0/../../../../lib/libmsvcrt.a(libmsvcrt_defs01285.o)
 .data          0x00000001400090f0        0x0 E:/bin/msys64/mingw64/bin/../lib/gcc/x86_64-w64-mingw32/12.1.0/../../../../lib/libmsvcrt.a(libmsvcrt_defh.o)
 .data          0x00000001400090f0        0x0 E:/bin/msys64/mingw64/bin/../lib/gcc/x86_64-w64-mingw32/12.1.0/../../../../lib/libmsvcrt.a(libmsvcrt_deft.o)
 .data          0x00000001400090f0        0x0 E:/bin/msys64/mingw64/bin/../lib/gcc/x86_64-w64-mingw32/12.1.0/../../../../lib/libkernel32.a(libkernel32s01543.o)
 .data          0x00000001400090f0        0x0 E:/bin/msys64/mingw64/bin/../lib/gcc/x86_64-w64-mingw32/12.1.0/../../../../lib/libkernel32.a(libkernel32s01490.o)
 .data          0x00000001400090f0        0x0 E:/bin/msys64/mingw64/bin/../lib/gcc/x86_64-w64-mingw32/12.1.0/../../../../lib/libkernel32.a(libkernel32s01488.o)
 .data          0x00000001400090f0        0x0 E:/bin/msys64/mingw64/bin/../lib/gcc/x86_64-w64-mingw32/12.1.0/../../../../lib/libkernel32.a(libkernel32s01441.o)
 .data          0x00000001400090f0        0x0 E:/bin/msys64/mingw64/bin/../lib/gcc/x86_64-w64-mingw32/12.1.0/../../../../lib/libkernel32.a(libkernel32s01406.o)
 .data          0x00000001400090f0        0x0 E:/bin/msys64/mingw64/bin/../lib/gcc/x86_64-w64-mingw32/12.1.0/../../../../lib/libkernel32.a(libkernel32s01390.o)
 .data          0x00000001400090f0        0x0 E:/bin/msys64/mingw64/bin/../lib/gcc/x86_64-w64-mingw32/12.1.0/../../../../lib/libkernel32.a(libkernel32s01033.o)
 .data          0x00000001400090f0        0x0 E:/bin/msys64/mingw64/bin/../lib/gcc/x86_64-w64-mingw32/12.1.0/../../../../lib/libkernel32.a(libkernel32s00981.o)
 .data          0x00000001400090f0        0x0 E:/bin/msys64/mingw64/bin/../lib/gcc/x86_64-w64-mingw32/12.1.0/../../../../lib/libkernel32.a(libkernel32s00916.o)
 .data          0x00000001400090f0        0x0 E:/bin/msys64/mingw64/bin/../lib/gcc/x86_64-w64-mingw32/12.1.0/../../../../lib/libkernel32.a(libkernel32s00889.o)
 .data          0x00000001400090f0        0x0 E:/bin/msys64/mingw64/bin/../lib/gcc/x86_64-w64-mingw32/12.1.0/../../../../lib/libkernel32.a(libkernel32s00740.o)
 .data          0x00000001400090f0        0x0 E:/bin/msys64/mingw64/bin/../lib/gcc/x86_64-w64-mingw32/12.1.0/../../../../lib/libkernel32.a(libkernel32s00627.o)
 .data          0x00000001400090f0        0x0 E:/bin/msys64/mingw64/bin/../lib/gcc/x86_64-w64-mingw32/12.1.0/../../../../lib/libkernel32.a(libkernel32s00316.o)
 .data          0x00000001400090f0        0x0 E:/bin/msys64/mingw64/bin/../lib/gcc/x86_64-w64-mingw32/12.1.0/../../../../lib/libkernel32.a(libkernel32s00280.o)
 .data          0x00000001400090f0        0x0 E:/bin/msys64/mingw64/bin/../lib/gcc/x86_64-w64-mingw32/12.1.0/../../../../lib/libkernel32.a(libkernel32h.o)
 .data          0x00000001400090f0        0x0 E:/bin/msys64/mingw64/bin/../lib/gcc/x86_64-w64-mingw32/12.1.0/../../../../lib/libkernel32.a(libkernel32t.o)
 .data          0x00000001400090f0        0x0 E:/bin/msys64/mingw64/bin/../lib/gcc/x86_64-w64-mingw32/12.1.0/crtend.o
 *(.data2)
 *(SORT_BY_NAME(.data$*))
 *(.jcr)
                0x00000001400090f0                __data_end__ = .
 *(.data_cygwin_nocopy)

.rdata          0x000000014000a000     0x1200
 *(.rdata)
 .rdata         0x000000014000a000      0x140 mm_speed.o
 .rdata         0x000000014000a140       0x60 E:/bin/msys64/mingw64/bin/../lib/gcc/x86_64-w64-mingw32/12.1.0/../../../../lib/libmingw32.a(lib64_libmingw32_a-tlssup.o)
                0x000000014000a140                __dyn_tls_init_callback
                0x000000014000a160                _tls_used
 .rdata         0x000000014000a1a0      0x140 E:/bin/msys64/mingw64/bin/../lib/gcc/x86_64-w64-mingw32/12.1.0/../../../../lib/libmingw32.a(lib64_libmingw32_a-merr.o)
 .rdata         0x000000014000a2e0      0x160 E:/bin/msys64/mingw64/bin/../lib/gcc/x86_64-w64-mingw32/12.1.0/../../../../lib/libmingw32.a(lib64_libmingw32_a-pseudo-reloc.o)
 .rdata         0x000000014000a440       0x30 E:/bin/msys64/mingw64/bin/../lib/gcc/x86_64-w64-mingw32/12.1.0/../../../../lib/libmingw32.a(lib64_libmingw32_a-crt_handler.o)
 .rdata         0x000000014000a470      0x190 E:/bin/msys64/mingw64/bin/../lib/gcc/x86_64-w64-mingw32/12.1.0/../../../../lib/libmingwex.a(lib64_libmingwex_a-mingw_pformat.o)
 .rdata         0x000000014000a600       0x90 E:/bin/msys64/mingw64/bin/../lib/gcc/x86_64-w64-mingw32/12.1.0/../../../../lib/libmingwex.a(lib64_libmingwex_a-gdtoa.o)
 *fill*         0x000000014000a690       0x10 
 .rdata         0x000000014000a6a0      0x160 E:/bin/msys64/mingw64/bin/../lib/gcc/x86_64-w64-mingw32/12.1.0/../../../../lib/libmingwex.a(lib64_libmingwex_a-misc.o)
                0x000000014000a6c0                __tens_D2A
                0x000000014000a780                __tinytens_D2A
                0x000000014000a7c0                __bigtens_D2A
 *(SORT_BY_NAME(.rdata$*))
 .rdata$.refptr._CRT_MT
                0x000000014000a800       0x10 E:/bin/msys64/mingw64/bin/../lib/gcc/x86_64-w64-mingw32/12.1.0/../../../../lib/libmingw32.a(lib64_libmingw32_a-tlssup.o)
                0x000000014000a800                .refptr._CRT_MT
 .rdata$.refptr._MINGW_INSTALL_DEBUG_MATHERR
                0x000000014000a810       0x10 E:/bin/msys64/mingw64/bin/../lib/gcc/x86_64-w64-mingw32/12.1.0/../../../../lib/crt2.o
                0x000000014000a810                .refptr._MINGW_INSTALL_DEBUG_MATHERR
 .rdata$.refptr.__CTOR_LIST__
                0x000000014000a820       0x10 E:/bin/msys64/mingw64/bin/../lib/gcc/x86_64-w64-mingw32/12.1.0/../../../../lib/libmingw32.a(lib64_libmingw32_a-gccmain.o)
                0x000000014000a820                .refptr.__CTOR_LIST__
 .rdata$.refptr.__RUNTIME_PSEUDO_RELOC_LIST_END__
                0x000000014000a830       0x10 E:/bin/msys64/mingw64/bin/../lib/gcc/x86_64-w64-mingw32/12.1.0/../../../../lib/libmingw32.a(lib64_libmingw32_a-pseudo-reloc.o)
                0x000000014000a830                .refptr.__RUNTIME_PSEUDO_RELOC_LIST_END__
 .rdata$.refptr.__RUNTIME_PSEUDO_RELOC_LIST__
                0x000000014000a840       0x10 E:/bin/msys64/mingw64/bin/../lib/gcc/x86_64-w64-mingw32/12.1.0/../../../../lib/libmingw32.a(lib64_libmingw32_a-pseudo-reloc.o)
                0x000000014000a840                .refptr.__RUNTIME_PSEUDO_RELOC_LIST__
 .rdata$.refptr.__dyn_tls_init_callback
                0x000000014000a850       0x10 E:/bin/msys64/mingw64/bin/../lib/gcc/x86_64-w64-mingw32/12.1.0/../../../../lib/crt2.o
                0x000000014000a850                .refptr.__dyn_tls_init_callback
 .rdata$.refptr.__image_base__
                0x000000014000a860       0x10 E:/bin/msys64/mingw64/bin/../lib/gcc/x86_64-w64-mingw32/12.1.0/../../../../lib/crt2.o
                0x000000014000a860                .refptr.__image_base__
 .rdata$.refptr.__imp___initenv
                0x000000014000a870       0x10 E:/bin/msys64/mingw64/bin/../lib/gcc/x86_64-w64-mingw32/12.1.0/../../../../lib/crt2.o
                0x000000014000a870                .refptr.__imp___initenv
 .rdata$.refptr.__imp__acmdln
                0x000000014000a880       0x10 E:/bin/msys64/mingw64/bin/../lib/gcc/x86_64-w64-mingw32/12.1.0/../../../../lib/libmsvcrt.a(lib64_libmsvcrt_extra_a-__p__acmdln.o)
                0x000000014000a880                .refptr.__imp__acmdln
 .rdata$.refptr.__imp__commode
                0x000000014000a890       0x10 E:/bin/msys64/mingw64/bin/../lib/gcc/x86_64-w64-mingw32/12.1.0/../../../../lib/libmsvcrt.a(lib64_libmsvcrt_extra_a-__p__commode.o)
                0x000000014000a890                .refptr.__imp__commode
 .rdata$.refptr.__imp__fmode
                0x000000014000a8a0       0x10 E:/bin/msys64/mingw64/bin/../lib/gcc/x86_64-w64-mingw32/12.1.0/../../../../lib/libmsvcrt.a(lib64_libmsvcrt_extra_a-__p__fmode.o)
                0x000000014000a8a0                .refptr.__imp__fmode
 .rdata$.refptr.__mingw_app_type
                0x000000014000a8b0       0x10 E:/bin/msys64/mingw64/bin/../lib/gcc/x86_64-w64-mingw32/12.1.0/../../../../lib/crt2.o
                0x000000014000a8b0                .refptr.__mingw_app_type
 .rdata$.refptr.__mingw_initltsdrot_force
                0x000000014000a8c0       0x10 E:/bin/msys64/mingw64/bin/../lib/gcc/x86_64-w64-mingw32/12.1.0/../../../../lib/crt2.o
                0x000000014000a8c0                .refptr.__mingw_initltsdrot_force
 .rdata$.refptr.__mingw_initltsdyn_force
                0x000000014000a8d0       0x10 E:/bin/msys64/mingw64/bin/../lib/gcc/x86_64-w64-mingw32/12.1.0/../../../../lib/crt2.o
                0x000000014000a8d0                .refptr.__mingw_initltsdyn_force
 .rdata$.refptr.__mingw_initltssuo_force
                0x000000014000a8e0       0x10 E:/bin/msys64/mingw64/bin/../lib/gcc/x86_64-w64-mingw32/12.1.0/../../../../lib/crt2.o
                0x000000014000a8e0                .refptr.__mingw_initltssuo_force
 .rdata$.refptr.__mingw_oldexcpt_handler
                0x000000014000a8f0       0x10 E:/bin/msys64/mingw64/bin/../lib/gcc/x86_64-w64-mingw32/12.1.0/../../../../lib/crt2.o
                0x000000014000a8f0                .refptr.__mingw_oldexcpt_handler
 .rdata$.refptr.__native_startup_lock
                0x000000014000a900       0x10 E:/bin/msys64/mingw64/bin/../lib/gcc/x86_64-w64-mingw32/12.1.0/../../../../lib/crt2.o
                0x000000014000a900                .refptr.__native_startup_lock
 .rdata$.refptr.__native_startup_state
                0x000000014000a910       0x10 E:/bin/msys64/mingw64/bin/../lib/gcc/x86_64-w64-mingw32/12.1.0/../../../../lib/crt2.o
                0x000000014000a910                .refptr.__native_startup_state
 .rdata$.refptr.__tens_D2A
                0x000000014000a920       0x10 E:/bin/msys64/mingw64/bin/../lib/gcc/x86_64-w64-mingw32/12.1.0/../../../../lib/libmingwex.a(lib64_libmingwex_a-gdtoa.o)
                0x000000014000a920                .refptr.__tens_D2A
 .rdata$.refptr.__xc_a
                0x000000014000a930       0x10 E:/bin/msys64/mingw64/bin/../lib/gcc/x86_64-w64-mingw32/12.1.0/../../../../lib/crt2.o
                0x000000014000a930                .refptr.__xc_a
 .rdata$.refptr.__xc_z
                0x000000014000a940       0x10 E:/bin/msys64/mingw64/bin/../lib/gcc/x86_64-w64-mingw32/12.1.0/../../../../lib/crt2.o
                0x000000014000a940                .refptr.__xc_z
 .rdata$.refptr.__xi_a
                0x000000014000a950       0x10 E:/bin/msys64/mingw64/bin/../lib/gcc/x86_64-w64-mingw32/12.1.0/../../../../lib/crt2.o
                0x000000014000a950                .refptr.__xi_a
 .rdata$.refptr.__xi_z
                0x000000014000a960       0x10 E:/bin/msys64/mingw64/bin/../lib/gcc/x86_64-w64-mingw32/12.1.0/../../../../lib/crt2.o
                0x000000014000a960                .refptr.__xi_z
 .rdata$.refptr._commode
                0x000000014000a970       0x10 E:/bin/msys64/mingw64/bin/../lib/gcc/x86_64-w64-mingw32/12.1.0/../../../../lib/crt2.o
                0x000000014000a970                .refptr._commode
 .rdata$.refptr._dowildcard
                0x000000014000a980       0x10 E:/bin/msys64/mingw64/bin/../lib/gcc/x86_64-w64-mingw32/12.1.0/../../../../lib/crt2.o
                0x000000014000a980                .refptr._dowildcard
 .rdata$.refptr._fmode
                0x000000014000a990       0x10 E:/bin/msys64/mingw64/bin/../lib/gcc/x86_64-w64-mingw32/12.1.0/../../../../lib/crt2.o
                0x000000014000a990                .refptr._fmode
 .rdata$.refptr._gnu_exception_handler
                0x000000014000a9a0       0x10 E:/bin/msys64/mingw64/bin/../lib/gcc/x86_64-w64-mingw32/12.1.0/../../../../lib/crt2.o
                0x000000014000a9a0                .refptr._gnu_exception_handler
 .rdata$.refptr._matherr
                0x000000014000a9b0       0x10 E:/bin/msys64/mingw64/bin/../lib/gcc/x86_64-w64-mingw32/12.1.0/../../../../lib/crt2.o
                0x000000014000a9b0                .refptr._matherr
 .rdata$.refptr._newmode
                0x000000014000a9c0       0x10 E:/bin/msys64/mingw64/bin/../lib/gcc/x86_64-w64-mingw32/12.1.0/../../../../lib/crt2.o
                0x000000014000a9c0                .refptr._newmode
 .rdata$zzz     0x000000014000a9d0       0x30 E:/bin/msys64/mingw64/bin/../lib/gcc/x86_64-w64-mingw32/12.1.0/../../../../lib/crt2.o
 .rdata$zzz     0x000000014000aa00       0x30 E:/bin/msys64/mingw64/bin/../lib/gcc/x86_64-w64-mingw32/12.1.0/crtbegin.o
 .rdata$zzz     0x000000014000aa30       0x30 mm_speed.o
 .rdata$zzz     0x000000014000aa60       0x30 matmulq.o
 .rdata$zzz     0x000000014000aa90       0x30 E:/bin/msys64/mingw64/bin/../lib/gcc/x86_64-w64-mingw32/12.1.0/../../../../lib/libmingw32.a(lib64_libmingw32_a-gccmain.o)
 .rdata$zzz     0x000000014000aac0       0x30 E:/bin/msys64/mingw64/bin/../lib/gcc/x86_64-w64-mingw32/12.1.0/../../../../lib/libmingw32.a(lib64_libmingw32_a-natstart.o)
 .rdata$zzz     0x000000014000aaf0       0x30 E:/bin/msys64/mingw64/bin/../lib/gcc/x86_64-w64-mingw32/12.1.0/../../../../lib/libmingw32.a(lib64_libmingw32_a-wildcard.o)
 .rdata$zzz     0x000000014000ab20       0x30 E:/bin/msys64/mingw64/bin/../lib/gcc/x86_64-w64-mingw32/12.1.0/../../../../lib/libmingw32.a(lib64_libmingw32_a-dllargv.o)
 .rdata$zzz     0x000000014000ab50       0x30 E:/bin/msys64/mingw64/bin/../lib/gcc/x86_64-w64-mingw32/12.1.0/../../../../lib/libmingw32.a(lib64_libmingw32_a-_newmode.o)
 .rdata$zzz     0x000000014000ab80       0x30 E:/bin/msys64/mingw64/bin/../lib/gcc/x86_64-w64-mingw32/12.1.0/../../../../lib/libmingw32.a(lib64_libmingw32_a-tlssup.o)
 .rdata$zzz     0x000000014000abb0       0x30 E:/bin/msys64/mingw64/bin/../lib/gcc/x86_64-w64-mingw32/12.1.0/../../../../lib/libmingw32.a(lib64_libmingw32_a-xncommod.o)
 .rdata$zzz     0x000000014000abe0       0x30 E:/bin/msys64/mingw64/bin/../lib/gcc/x86_64-w64-mingw32/12.1.0/../../../../lib/libmingw32.a(lib64_libmingw32_a-cinitexe.o)
 .rdata$zzz     0x000000014000ac10       0x30 E:/bin/msys64/mingw64/bin/../lib/gcc/x86_64-w64-mingw32/12.1.0/../../../../lib/libmingw32.a(lib64_libmingw32_a-merr.o)
 .rdata$zzz     0x000000014000ac40       0x30 E:/bin/msys64/mingw64/bin/../lib/gcc/x86_64-w64-mingw32/12.1.0/../../../../lib/libmingw32.a(lib64_libmingw32_a-CRT_fp10.o)
 .rdata$zzz     0x000000014000ac70       0x30 E:/bin/msys64/mingw64/bin/../lib/gcc/x86_64-w64-mingw32/12.1.0/../../../../lib/libmingw32.a(lib64_libmingw32_a-mingw_helpers.o)
 .rdata$zzz     0x000000014000aca0       0x30 E:/bin/msys64/mingw64/bin/../lib/gcc/x86_64-w64-mingw32/12.1.0/../../../../lib/libmingw32.a(lib64_libmingw32_a-pseudo-reloc.o)
 .rdata$zzz     0x000000014000acd0       0x30 E:/bin/msys64/mingw64/bin/../lib/gcc/x86_64-w64-mingw32/12.1.0/../../../../lib/libmingw32.a(lib64_libmingw32_a-usermatherr.o)
 .rdata$zzz     0x000000014000ad00       0x30 E:/bin/msys64/mingw64/bin/../lib/gcc/x86_64-w64-mingw32/12.1.0/../../../../lib/libmingw32.a(lib64_libmingw32_a-xtxtmode.o)
 .rdata$zzz     0x000000014000ad30       0x30 E:/bin/msys64/mingw64/bin/../lib/gcc/x86_64-w64-mingw32/12.1.0/../../../../lib/libmingw32.a(lib64_libmingw32_a-crt_handler.o)
 .rdata$zzz     0x000000014000ad60       0x30 E:/bin/msys64/mingw64/bin/../lib/gcc/x86_64-w64-mingw32/12.1.0/../../../../lib/libmingw32.a(lib64_libmingw32_a-tlsthrd.o)
 .rdata$zzz     0x000000014000ad90       0x30 E:/bin/msys64/mingw64/bin/../lib/gcc/x86_64-w64-mingw32/12.1.0/../../../../lib/libmingw32.a(lib64_libmingw32_a-tlsmcrt.o)
 .rdata$zzz     0x000000014000adc0       0x30 E:/bin/msys64/mingw64/bin/../lib/gcc/x86_64-w64-mingw32/12.1.0/../../../../lib/libmingw32.a(lib64_libmingw32_a-pseudo-reloc-list.o)
 .rdata$zzz     0x000000014000adf0       0x30 E:/bin/msys64/mingw64/bin/../lib/gcc/x86_64-w64-mingw32/12.1.0/../../../../lib/libmingw32.a(lib64_libmingw32_a-pesect.o)
 .rdata$zzz     0x000000014000ae20       0x30 E:/bin/msys64/mingw64/bin/../lib/gcc/x86_64-w64-mingw32/12.1.0/libgcc.a(_ctors.o)
 .rdata$zzz     0x000000014000ae50       0x30 E:/bin/msys64/mingw64/bin/../lib/gcc/x86_64-w64-mingw32/12.1.0/../../../../lib/libmingwex.a(lib64_libmingwex_a-mingw_matherr.o)
 .rdata$zzz     0x000000014000ae80       0x30 E:/bin/msys64/mingw64/bin/../lib/gcc/x86_64-w64-mingw32/12.1.0/../../../../lib/libmingwex.a(lib64_libmingwex_a-mingw_vfprintf.o)
 .rdata$zzz     0x000000014000aeb0       0x30 E:/bin/msys64/mingw64/bin/../lib/gcc/x86_64-w64-mingw32/12.1.0/../../../../lib/libmingwex.a(lib64_libmingwex_a-mingw_pformat.o)
 .rdata$zzz     0x000000014000aee0       0x30 E:/bin/msys64/mingw64/bin/../lib/gcc/x86_64-w64-mingw32/12.1.0/../../../../lib/libmingwex.a(lib64_libmingwex_a-dmisc.o)
 .rdata$zzz     0x000000014000af10       0x30 E:/bin/msys64/mingw64/bin/../lib/gcc/x86_64-w64-mingw32/12.1.0/../../../../lib/libmingwex.a(lib64_libmingwex_a-gdtoa.o)
 .rdata$zzz     0x000000014000af40       0x30 E:/bin/msys64/mingw64/bin/../lib/gcc/x86_64-w64-mingw32/12.1.0/../../../../lib/libmingwex.a(lib64_libmingwex_a-gmisc.o)
 .rdata$zzz     0x000000014000af70       0x30 E:/bin/msys64/mingw64/bin/../lib/gcc/x86_64-w64-mingw32/12.1.0/../../../../lib/libmingwex.a(lib64_libmingwex_a-misc.o)
 .rdata$zzz     0x000000014000afa0       0x30 E:/bin/msys64/mingw64/bin/../lib/gcc/x86_64-w64-mingw32/12.1.0/../../../../lib/libmingwex.a(lib64_libmingwex_a-strnlen.o)
 .rdata$zzz     0x000000014000afd0       0x30 E:/bin/msys64/mingw64/bin/../lib/gcc/x86_64-w64-mingw32/12.1.0/../../../../lib/libmingwex.a(lib64_libmingwex_a-wcsnlen.o)
 .rdata$zzz     0x000000014000b000       0x30 E:/bin/msys64/mingw64/bin/../lib/gcc/x86_64-w64-mingw32/12.1.0/../../../../lib/libmsvcrt.a(lib64_libmsvcrt_extra_a-__p__fmode.o)
 .rdata$zzz     0x000000014000b030       0x30 E:/bin/msys64/mingw64/bin/../lib/gcc/x86_64-w64-mingw32/12.1.0/../../../../lib/libmsvcrt.a(lib64_libmsvcrt_extra_a-__p__commode.o)
 .rdata$zzz     0x000000014000b060       0x30 E:/bin/msys64/mingw64/bin/../lib/gcc/x86_64-w64-mingw32/12.1.0/../../../../lib/libmsvcrt.a(lib64_libmsvcrt_extra_a-__p__acmdln.o)
 .rdata$zzz     0x000000014000b090       0x30 E:/bin/msys64/mingw64/bin/../lib/gcc/x86_64-w64-mingw32/12.1.0/../../../../lib/libmsvcrt.a(lib64_libmsvcrt_extra_a-mingw_lock.o)
 .rdata$zzz     0x000000014000b0c0       0x30 E:/bin/msys64/mingw64/bin/../lib/gcc/x86_64-w64-mingw32/12.1.0/../../../../lib/libmsvcrt.a(lib64_libmsvcrt_extra_a-invalid_parameter_handler.o)
 .rdata$zzz     0x000000014000b0f0       0x30 E:/bin/msys64/mingw64/bin/../lib/gcc/x86_64-w64-mingw32/12.1.0/../../../../lib/libmsvcrt.a(lib64_libmsvcrt_common_a-acrt_iob_func.o)
 .rdata$zzz     0x000000014000b120       0x30 E:/bin/msys64/mingw64/bin/../lib/gcc/x86_64-w64-mingw32/12.1.0/../../../../lib/libmsvcrt.a(lib64_libmsvcrt_common_a-wcrtomb.o)
 .rdata$zzz     0x000000014000b150       0x30 E:/bin/msys64/mingw64/bin/../lib/gcc/x86_64-w64-mingw32/12.1.0/../../../../lib/libmsvcrt.a(lib64_libmsvcrt_common_a-mbrtowc.o)
 .rdata$zzz     0x000000014000b180       0x30 E:/bin/msys64/mingw64/bin/../lib/gcc/x86_64-w64-mingw32/12.1.0/crtend.o
                0x000000014000b1b0                . = ALIGN (0x4)
                0x000000014000b1b0                __rt_psrelocs_start = .
 *(.rdata_runtime_pseudo_reloc)
                0x000000014000b1b0                __rt_psrelocs_end = .
                0x0000000000000000                __rt_psrelocs_size = (__rt_psrelocs_end - __rt_psrelocs_start)
                0x000000014000b1b0                ___RUNTIME_PSEUDO_RELOC_LIST_END__ = .
                0x000000014000b1b0                __RUNTIME_PSEUDO_RELOC_LIST_END__ = .
                0x000000014000b1b0                ___RUNTIME_PSEUDO_RELOC_LIST__ = (. - __rt_psrelocs_size)
                0x000000014000b1b0                __RUNTIME_PSEUDO_RELOC_LIST__ = (. - __rt_psrelocs_size)

.eh_frame
 *(.eh_frame*)

.pdata          0x000000014000c000      0x600
 *(.pdata*)
 .pdata         0x000000014000c000       0x54 E:/bin/msys64/mingw64/bin/../lib/gcc/x86_64-w64-mingw32/12.1.0/../../../../lib/crt2.o
 .pdata         0x000000014000c054       0x18 E:/bin/msys64/mingw64/bin/../lib/gcc/x86_64-w64-mingw32/12.1.0/crtbegin.o
 .pdata         0x000000014000c06c       0x18 mm_speed.o
 .pdata$_Z7fprintfP6_iobufPKcz
                0x000000014000c084        0xc mm_speed.o
 .pdata$_Z6printfPKcz
                0x000000014000c090        0xc mm_speed.o
 .pdata$_ZNSt12_Vector_baseIgSaIgEED2Ev
                0x000000014000c09c        0xc mm_speed.o
 .pdata$_ZNSt12_Vector_baseIxSaIxEED2Ev
                0x000000014000c0a8        0xc mm_speed.o
 .pdata$_ZNSt23mersenne_twister_engineIyLy64ELy312ELy156ELy31ELy13043109905998158313ELy29ELy6148914691236517205ELy17ELy8202884508482404352ELy37ELy18444473444759240704ELy43ELy6364136223846793005EE11_M_gen_randEv
                0x000000014000c0b4        0xc mm_speed.o
 .pdata$_ZNSt23mersenne_twister_engineIyLy64ELy312ELy156ELy31ELy13043109905998158313ELy29ELy6148914691236517205ELy17ELy8202884508482404352ELy37ELy18444473444759240704ELy43ELy6364136223846793005EEclEv
                0x000000014000c0c0        0xc mm_speed.o
 .pdata.startup
                0x000000014000c0cc        0xc mm_speed.o
 .pdata         0x000000014000c0d8        0xc matmulq.o
 .pdata         0x000000014000c0e4       0x24 E:/bin/msys64/mingw64/bin/../lib/gcc/x86_64-w64-mingw32/12.1.0/../../../../lib/libmingw32.a(lib64_libmingw32_a-gccmain.o)
 .pdata         0x000000014000c108        0xc E:/bin/msys64/mingw64/bin/../lib/gcc/x86_64-w64-mingw32/12.1.0/../../../../lib/libmingw32.a(lib64_libmingw32_a-dllargv.o)
 .pdata         0x000000014000c114       0x24 E:/bin/msys64/mingw64/bin/../lib/gcc/x86_64-w64-mingw32/12.1.0/../../../../lib/libmingw32.a(lib64_libmingw32_a-tlssup.o)
 .pdata         0x000000014000c138        0xc E:/bin/msys64/mingw64/bin/../lib/gcc/x86_64-w64-mingw32/12.1.0/../../../../lib/libmingw32.a(lib64_libmingw32_a-merr.o)
 .pdata         0x000000014000c144        0xc E:/bin/msys64/mingw64/bin/../lib/gcc/x86_64-w64-mingw32/12.1.0/../../../../lib/libmingw32.a(lib64_libmingw32_a-CRT_fp10.o)
 .pdata         0x000000014000c150       0x24 E:/bin/msys64/mingw64/bin/../lib/gcc/x86_64-w64-mingw32/12.1.0/../../../../lib/libmingw32.a(lib64_libmingw32_a-pseudo-reloc.o)
 .pdata         0x000000014000c174       0x18 E:/bin/msys64/mingw64/bin/../lib/gcc/x86_64-w64-mingw32/12.1.0/../../../../lib/libmingw32.a(lib64_libmingw32_a-usermatherr.o)
 .pdata         0x000000014000c18c        0xc E:/bin/msys64/mingw64/bin/../lib/gcc/x86_64-w64-mingw32/12.1.0/../../../../lib/libmingw32.a(lib64_libmingw32_a-crt_handler.o)
 .pdata         0x000000014000c198       0x30 E:/bin/msys64/mingw64/bin/../lib/gcc/x86_64-w64-mingw32/12.1.0/../../../../lib/libmingw32.a(lib64_libmingw32_a-tlsthrd.o)
 .pdata         0x000000014000c1c8       0x6c E:/bin/msys64/mingw64/bin/../lib/gcc/x86_64-w64-mingw32/12.1.0/../../../../lib/libmingw32.a(lib64_libmingw32_a-pesect.o)
 .pdata         0x000000014000c234        0xc E:/bin/msys64/mingw64/bin/../lib/gcc/x86_64-w64-mingw32/12.1.0/../../../../lib/libmingwex.a(lib64_libmingwex_a-mingw_vfprintf.o)
 .pdata         0x000000014000c240       0xc0 E:/bin/msys64/mingw64/bin/../lib/gcc/x86_64-w64-mingw32/12.1.0/../../../../lib/libmingwex.a(lib64_libmingwex_a-mingw_pformat.o)
 .pdata         0x000000014000c300       0x30 E:/bin/msys64/mingw64/bin/../lib/gcc/x86_64-w64-mingw32/12.1.0/../../../../lib/libmingwex.a(lib64_libmingwex_a-dmisc.o)
 .pdata         0x000000014000c330        0xc E:/bin/msys64/mingw64/bin/../lib/gcc/x86_64-w64-mingw32/12.1.0/../../../../lib/libmingwex.a(lib64_libmingwex_a-gdtoa.o)
 .pdata         0x000000014000c33c       0x18 E:/bin/msys64/mingw64/bin/../lib/gcc/x86_64-w64-mingw32/12.1.0/../../../../lib/libmingwex.a(lib64_libmingwex_a-gmisc.o)
 .pdata         0x000000014000c354       0xa8 E:/bin/msys64/mingw64/bin/../lib/gcc/x86_64-w64-mingw32/12.1.0/../../../../lib/libmingwex.a(lib64_libmingwex_a-misc.o)
 .pdata         0x000000014000c3fc        0xc E:/bin/msys64/mingw64/bin/../lib/gcc/x86_64-w64-mingw32/12.1.0/../../../../lib/libmingwex.a(lib64_libmingwex_a-strnlen.o)
 .pdata         0x000000014000c408        0xc E:/bin/msys64/mingw64/bin/../lib/gcc/x86_64-w64-mingw32/12.1.0/../../../../lib/libmingwex.a(lib64_libmingwex_a-wcsnlen.o)
 .pdata         0x000000014000c414        0xc E:/bin/msys64/mingw64/bin/../lib/gcc/x86_64-w64-mingw32/12.1.0/../../../../lib/libmsvcrt.a(lib64_libmsvcrt_extra_a-__p__fmode.o)
 .pdata         0x000000014000c420        0xc E:/bin/msys64/mingw64/bin/../lib/gcc/x86_64-w64-mingw32/12.1.0/../../../../lib/libmsvcrt.a(lib64_libmsvcrt_extra_a-__p__commode.o)
 .pdata         0x000000014000c42c        0xc E:/bin/msys64/mingw64/bin/../lib/gcc/x86_64-w64-mingw32/12.1.0/../../../../lib/libmsvcrt.a(lib64_libmsvcrt_extra_a-__p__acmdln.o)
 .pdata         0x000000014000c438       0x18 E:/bin/msys64/mingw64/bin/../lib/gcc/x86_64-w64-mingw32/12.1.0/../../../../lib/libmsvcrt.a(lib64_libmsvcrt_extra_a-mingw_lock.o)
 .pdata         0x000000014000c450       0x18 E:/bin/msys64/mingw64/bin/../lib/gcc/x86_64-w64-mingw32/12.1.0/../../../../lib/libmsvcrt.a(lib64_libmsvcrt_extra_a-invalid_parameter_handler.o)
 .pdata         0x000000014000c468        0xc E:/bin/msys64/mingw64/bin/../lib/gcc/x86_64-w64-mingw32/12.1.0/../../../../lib/libmsvcrt.a(lib64_libmsvcrt_common_a-acrt_iob_func.o)
 .pdata         0x000000014000c474       0x24 E:/bin/msys64/mingw64/bin/../lib/gcc/x86_64-w64-mingw32/12.1.0/../../../../lib/libmsvcrt.a(lib64_libmsvcrt_common_a-wcrtomb.o)
 .pdata         0x000000014000c498       0x30 E:/bin/msys64/mingw64/bin/../lib/gcc/x86_64-w64-mingw32/12.1.0/../../../../lib/libmsvcrt.a(lib64_libmsvcrt_common_a-mbrtowc.o)
 .pdata.startup
                0x000000014000c4c8        0xc E:/bin/msys64/mingw64/bin/../lib/gcc/x86_64-w64-mingw32/12.1.0/crtend.o

.xdata          0x000000014000d000      0x600
 *(.xdata*)
 .xdata         0x000000014000d000       0x70 E:/bin/msys64/mingw64/bin/../lib/gcc/x86_64-w64-mingw32/12.1.0/../../../../lib/crt2.o
 .xdata         0x000000014000d070        0x8 E:/bin/msys64/mingw64/bin/../lib/gcc/x86_64-w64-mingw32/12.1.0/crtbegin.o
 .xdata         0x000000014000d078       0x18 mm_speed.o
 .xdata$_Z7fprintfP6_iobufPKcz
                0x000000014000d090        0x8 mm_speed.o
 .xdata$_Z6printfPKcz
                0x000000014000d098        0xc mm_speed.o
 .xdata$_ZNSt12_Vector_baseIgSaIgEED2Ev
                0x000000014000d0a4        0x4 mm_speed.o
 .xdata$_ZNSt12_Vector_baseIxSaIxEED2Ev
                0x000000014000d0a8        0x4 mm_speed.o
 .xdata$_ZNSt23mersenne_twister_engineIyLy64ELy312ELy156ELy31ELy13043109905998158313ELy29ELy6148914691236517205ELy17ELy8202884508482404352ELy37ELy18444473444759240704ELy43ELy6364136223846793005EE11_M_gen_randEv
                0x000000014000d0ac       0x10 mm_speed.o
 .xdata$_ZNSt23mersenne_twister_engineIyLy64ELy312ELy156ELy31ELy13043109905998158313ELy29ELy6148914691236517205ELy17ELy8202884508482404352ELy37ELy18444473444759240704ELy43ELy6364136223846793005EEclEv
                0x000000014000d0bc        0x8 mm_speed.o
 .xdata.startup
                0x000000014000d0c4       0x60 mm_speed.o
 .xdata         0x000000014000d124       0x20 matmulq.o
 .xdata         0x000000014000d144       0x18 E:/bin/msys64/mingw64/bin/../lib/gcc/x86_64-w64-mingw32/12.1.0/../../../../lib/libmingw32.a(lib64_libmingw32_a-gccmain.o)
 .xdata         0x000000014000d15c        0x4 E:/bin/msys64/mingw64/bin/../lib/gcc/x86_64-w64-mingw32/12.1.0/../../../../lib/libmingw32.a(lib64_libmingw32_a-dllargv.o)
 .xdata         0x000000014000d160       0x18 E:/bin/msys64/mingw64/bin/../lib/gcc/x86_64-w64-mingw32/12.1.0/../../../../lib/libmingw32.a(lib64_libmingw32_a-tlssup.o)
 .xdata         0x000000014000d178       0x18 E:/bin/msys64/mingw64/bin/../lib/gcc/x86_64-w64-mingw32/12.1.0/../../../../lib/libmingw32.a(lib64_libmingw32_a-merr.o)
 .xdata         0x000000014000d190        0x4 E:/bin/msys64/mingw64/bin/../lib/gcc/x86_64-w64-mingw32/12.1.0/../../../../lib/libmingw32.a(lib64_libmingw32_a-CRT_fp10.o)
 .xdata         0x000000014000d194       0x30 E:/bin/msys64/mingw64/bin/../lib/gcc/x86_64-w64-mingw32/12.1.0/../../../../lib/libmingw32.a(lib64_libmingw32_a-pseudo-reloc.o)
 .xdata         0x000000014000d1c4        0xc E:/bin/msys64/mingw64/bin/../lib/gcc/x86_64-w64-mingw32/12.1.0/../../../../lib/libmingw32.a(lib64_libmingw32_a-usermatherr.o)
 .xdata         0x000000014000d1d0        0x8 E:/bin/msys64/mingw64/bin/../lib/gcc/x86_64-w64-mingw32/12.1.0/../../../../lib/libmingw32.a(lib64_libmingw32_a-crt_handler.o)
 .xdata         0x000000014000d1d8       0x30 E:/bin/msys64/mingw64/bin/../lib/gcc/x86_64-w64-mingw32/12.1.0/../../../../lib/libmingw32.a(lib64_libmingw32_a-tlsthrd.o)
 .xdata         0x000000014000d208       0x2c E:/bin/msys64/mingw64/bin/../lib/gcc/x86_64-w64-mingw32/12.1.0/../../../../lib/libmingw32.a(lib64_libmingw32_a-pesect.o)
 .xdata         0x000000014000d234        0xc E:/bin/msys64/mingw64/bin/../lib/gcc/x86_64-w64-mingw32/12.1.0/../../../../lib/libmingwex.a(lib64_libmingwex_a-mingw_vfprintf.o)
 .xdata         0x000000014000d240       0xf8 E:/bin/msys64/mingw64/bin/../lib/gcc/x86_64-w64-mingw32/12.1.0/../../../../lib/libmingwex.a(lib64_libmingwex_a-mingw_pformat.o)
 .xdata         0x000000014000d338       0x30 E:/bin/msys64/mingw64/bin/../lib/gcc/x86_64-w64-mingw32/12.1.0/../../../../lib/libmingwex.a(lib64_libmingwex_a-dmisc.o)
 .xdata         0x000000014000d368       0x18 E:/bin/msys64/mingw64/bin/../lib/gcc/x86_64-w64-mingw32/12.1.0/../../../../lib/libmingwex.a(lib64_libmingwex_a-gdtoa.o)
 .xdata         0x000000014000d380       0x14 E:/bin/msys64/mingw64/bin/../lib/gcc/x86_64-w64-mingw32/12.1.0/../../../../lib/libmingwex.a(lib64_libmingwex_a-gmisc.o)
 .xdata         0x000000014000d394       0xb0 E:/bin/msys64/mingw64/bin/../lib/gcc/x86_64-w64-mingw32/12.1.0/../../../../lib/libmingwex.a(lib64_libmingwex_a-misc.o)
 .xdata         0x000000014000d444        0x4 E:/bin/msys64/mingw64/bin/../lib/gcc/x86_64-w64-mingw32/12.1.0/../../../../lib/libmingwex.a(lib64_libmingwex_a-strnlen.o)
 .xdata         0x000000014000d448        0x4 E:/bin/msys64/mingw64/bin/../lib/gcc/x86_64-w64-mingw32/12.1.0/../../../../lib/libmingwex.a(lib64_libmingwex_a-wcsnlen.o)
 .xdata         0x000000014000d44c        0x4 E:/bin/msys64/mingw64/bin/../lib/gcc/x86_64-w64-mingw32/12.1.0/../../../../lib/libmsvcrt.a(lib64_libmsvcrt_extra_a-__p__fmode.o)
 .xdata         0x000000014000d450        0x4 E:/bin/msys64/mingw64/bin/../lib/gcc/x86_64-w64-mingw32/12.1.0/../../../../lib/libmsvcrt.a(lib64_libmsvcrt_extra_a-__p__commode.o)
 .xdata         0x000000014000d454        0x4 E:/bin/msys64/mingw64/bin/../lib/gcc/x86_64-w64-mingw32/12.1.0/../../../../lib/libmsvcrt.a(lib64_libmsvcrt_extra_a-__p__acmdln.o)
 .xdata         0x000000014000d458       0x10 E:/bin/msys64/mingw64/bin/../lib/gcc/x86_64-w64-mingw32/12.1.0/../../../../lib/libmsvcrt.a(lib64_libmsvcrt_extra_a-mingw_lock.o)
 .xdata         0x000000014000d468        0x8 E:/bin/msys64/mingw64/bin/../lib/gcc/x86_64-w64-mingw32/12.1.0/../../../../lib/libmsvcrt.a(lib64_libmsvcrt_extra_a-invalid_parameter_handler.o)
 .xdata         0x000000014000d470        0x8 E:/bin/msys64/mingw64/bin/../lib/gcc/x86_64-w64-mingw32/12.1.0/../../../../lib/libmsvcrt.a(lib64_libmsvcrt_common_a-acrt_iob_func.o)
 .xdata         0x000000014000d478       0x28 E:/bin/msys64/mingw64/bin/../lib/gcc/x86_64-w64-mingw32/12.1.0/../../../../lib/libmsvcrt.a(lib64_libmsvcrt_common_a-wcrtomb.o)
 .xdata         0x000000014000d4a0       0x40 E:/bin/msys64/mingw64/bin/../lib/gcc/x86_64-w64-mingw32/12.1.0/../../../../lib/libmsvcrt.a(lib64_libmsvcrt_common_a-mbrtowc.o)
 .xdata.startup
                0x000000014000d4e0        0x4 E:/bin/msys64/mingw64/bin/../lib/gcc/x86_64-w64-mingw32/12.1.0/crtend.o

.bss            0x000000014000e000      0xb80
                0x000000014000e000                __bss_start__ = .
 *(.bss)
 .bss           0x000000014000e000       0x40 E:/bin/msys64/mingw64/bin/../lib/gcc/x86_64-w64-mingw32/12.1.0/../../../../lib/crt2.o
                0x000000014000e000                __mingw_module_is_dll
                0x000000014000e008                __mingw_winmain_lpCmdLine
                0x000000014000e010                __mingw_winmain_hInstance
 .bss           0x000000014000e040        0x0 E:/bin/msys64/mingw64/bin/../lib/gcc/x86_64-w64-mingw32/12.1.0/crtbegin.o
 .bss           0x000000014000e040        0x0 mm_speed.o
 .bss           0x000000014000e040        0x0 matmulq.o
 .bss           0x000000014000e040       0x10 E:/bin/msys64/mingw64/bin/../lib/gcc/x86_64-w64-mingw32/12.1.0/../../../../lib/libmingw32.a(lib64_libmingw32_a-gccmain.o)
 .bss           0x000000014000e050       0x10 E:/bin/msys64/mingw64/bin/../lib/gcc/x86_64-w64-mingw32/12.1.0/../../../../lib/libmingw32.a(lib64_libmingw32_a-natstart.o)
                0x000000014000e050                __native_startup_lock
                0x000000014000e058                __native_startup_state
 .bss           0x000000014000e060        0x0 E:/bin/msys64/mingw64/bin/../lib/gcc/x86_64-w64-mingw32/12.1.0/../../../../lib/libmingw32.a(lib64_libmingw32_a-wildcard.o)
 .bss           0x000000014000e060        0x0 E:/bin/msys64/mingw64/bin/../lib/gcc/x86_64-w64-mingw32/12.1.0/../../../../lib/libmingw32.a(lib64_libmingw32_a-dllargv.o)
 .bss           0x000000014000e060       0x10 E:/bin/msys64/mingw64/bin/../lib/gcc/x86_64-w64-mingw32/12.1.0/../../../../lib/libmingw32.a(lib64_libmingw32_a-_newmode.o)
                0x000000014000e060                _newmode
 .bss           0x000000014000e070       0x10 E:/bin/msys64/mingw64/bin/../lib/gcc/x86_64-w64-mingw32/12.1.0/../../../../lib/libmingw32.a(lib64_libmingw32_a-tlssup.o)
                0x000000014000e070                __mingw_initltssuo_force
                0x000000014000e074                __mingw_initltsdyn_force
                0x000000014000e078                __mingw_initltsdrot_force
                0x000000014000e07c                _tls_index
 .bss           0x000000014000e080       0x10 E:/bin/msys64/mingw64/bin/../lib/gcc/x86_64-w64-mingw32/12.1.0/../../../../lib/libmingw32.a(lib64_libmingw32_a-xncommod.o)
                0x000000014000e080                _commode
 .bss           0x000000014000e090        0x0 E:/bin/msys64/mingw64/bin/../lib/gcc/x86_64-w64-mingw32/12.1.0/../../../../lib/libmingw32.a(lib64_libmingw32_a-cinitexe.o)
 .bss           0x000000014000e090        0x0 E:/bin/msys64/mingw64/bin/../lib/gcc/x86_64-w64-mingw32/12.1.0/../../../../lib/libmingw32.a(lib64_libmingw32_a-merr.o)
 .bss           0x000000014000e090        0x0 E:/bin/msys64/mingw64/bin/../lib/gcc/x86_64-w64-mingw32/12.1.0/../../../../lib/libmingw32.a(lib64_libmingw32_a-CRT_fp10.o)
 .bss           0x000000014000e090       0x10 E:/bin/msys64/mingw64/bin/../lib/gcc/x86_64-w64-mingw32/12.1.0/../../../../lib/libmingw32.a(lib64_libmingw32_a-mingw_helpers.o)
                0x000000014000e090                __mingw_app_type
 .bss           0x000000014000e0a0       0x10 E:/bin/msys64/mingw64/bin/../lib/gcc/x86_64-w64-mingw32/12.1.0/../../../../lib/libmingw32.a(lib64_libmingw32_a-pseudo-reloc.o)
 .bss           0x000000014000e0b0       0x10 E:/bin/msys64/mingw64/bin/../lib/gcc/x86_64-w64-mingw32/12.1.0/../../../../lib/libmingw32.a(lib64_libmingw32_a-usermatherr.o)
 .bss           0x000000014000e0c0       0x10 E:/bin/msys64/mingw64/bin/../lib/gcc/x86_64-w64-mingw32/12.1.0/../../../../lib/libmingw32.a(lib64_libmingw32_a-xtxtmode.o)
                0x000000014000e0c0                _fmode
 .bss           0x000000014000e0d0       0x10 E:/bin/msys64/mingw64/bin/../lib/gcc/x86_64-w64-mingw32/12.1.0/../../../../lib/libmingw32.a(lib64_libmingw32_a-crt_handler.o)
                0x000000014000e0d0                __mingw_oldexcpt_handler
 .bss           0x000000014000e0e0       0x60 E:/bin/msys64/mingw64/bin/../lib/gcc/x86_64-w64-mingw32/12.1.0/../../../../lib/libmingw32.a(lib64_libmingw32_a-tlsthrd.o)
 .bss           0x000000014000e140        0x0 E:/bin/msys64/mingw64/bin/../lib/gcc/x86_64-w64-mingw32/12.1.0/../../../../lib/libmingw32.a(lib64_libmingw32_a-tlsmcrt.o)
 .bss           0x000000014000e140       0x10 E:/bin/msys64/mingw64/bin/../lib/gcc/x86_64-w64-mingw32/12.1.0/../../../../lib/libmingw32.a(lib64_libmingw32_a-pseudo-reloc-list.o)
 .bss           0x000000014000e150        0x0 E:/bin/msys64/mingw64/bin/../lib/gcc/x86_64-w64-mingw32/12.1.0/../../../../lib/libmingw32.a(lib64_libmingw32_a-pesect.o)
 .bss           0x000000014000e150        0x0 E:/bin/msys64/mingw64/bin/../lib/gcc/x86_64-w64-mingw32/12.1.0/libgcc.a(_chkstk_ms.o)
 .bss           0x000000014000e150       0x20 E:/bin/msys64/mingw64/bin/../lib/gcc/x86_64-w64-mingw32/12.1.0/libgcc.a(_ctors.o)
 .bss           0x000000014000e170        0x0 E:/bin/msys64/mingw64/bin/../lib/gcc/x86_64-w64-mingw32/12.1.0/../../../../lib/libmingwex.a(lib64_libmingwex_a-mingw_matherr.o)
 .bss           0x000000014000e170        0x0 E:/bin/msys64/mingw64/bin/../lib/gcc/x86_64-w64-mingw32/12.1.0/../../../../lib/libmingwex.a(lib64_libmingwex_a-mingw_vfprintf.o)
 .bss           0x000000014000e170        0x0 E:/bin/msys64/mingw64/bin/../lib/gcc/x86_64-w64-mingw32/12.1.0/../../../../lib/libmingwex.a(lib64_libmingwex_a-mingw_pformat.o)
 .bss           0x000000014000e170        0x0 E:/bin/msys64/mingw64/bin/../lib/gcc/x86_64-w64-mingw32/12.1.0/../../../../lib/libmingwex.a(lib64_libmingwex_a-dmisc.o)
 .bss           0x000000014000e170        0x0 E:/bin/msys64/mingw64/bin/../lib/gcc/x86_64-w64-mingw32/12.1.0/../../../../lib/libmingwex.a(lib64_libmingwex_a-gdtoa.o)
 .bss           0x000000014000e170        0x0 E:/bin/msys64/mingw64/bin/../lib/gcc/x86_64-w64-mingw32/12.1.0/../../../../lib/libmingwex.a(lib64_libmingwex_a-gmisc.o)
 *fill*         0x000000014000e170       0x10 
 .bss           0x000000014000e180      0x9e0 E:/bin/msys64/mingw64/bin/../lib/gcc/x86_64-w64-mingw32/12.1.0/../../../../lib/libmingwex.a(lib64_libmingwex_a-misc.o)
 .bss           0x000000014000eb60        0x0 E:/bin/msys64/mingw64/bin/../lib/gcc/x86_64-w64-mingw32/12.1.0/../../../../lib/libmingwex.a(lib64_libmingwex_a-strnlen.o)
 .bss           0x000000014000eb60        0x0 E:/bin/msys64/mingw64/bin/../lib/gcc/x86_64-w64-mingw32/12.1.0/../../../../lib/libmingwex.a(lib64_libmingwex_a-wcsnlen.o)
 .bss           0x000000014000eb60        0x0 E:/bin/msys64/mingw64/bin/../lib/gcc/x86_64-w64-mingw32/12.1.0/../../../../lib/libmsvcrt.a(lib64_libmsvcrt_extra_a-__p__fmode.o)
 .bss           0x000000014000eb60        0x0 E:/bin/msys64/mingw64/bin/../lib/gcc/x86_64-w64-mingw32/12.1.0/../../../../lib/libmsvcrt.a(lib64_libmsvcrt_extra_a-__p__commode.o)
 .bss           0x000000014000eb60        0x0 E:/bin/msys64/mingw64/bin/../lib/gcc/x86_64-w64-mingw32/12.1.0/../../../../lib/libmsvcrt.a(lib64_libmsvcrt_extra_a-__p__acmdln.o)
 .bss           0x000000014000eb60        0x0 E:/bin/msys64/mingw64/bin/../lib/gcc/x86_64-w64-mingw32/12.1.0/../../../../lib/libmsvcrt.a(lib64_libmsvcrt_extra_a-mingw_lock.o)
 .bss           0x000000014000eb60       0x10 E:/bin/msys64/mingw64/bin/../lib/gcc/x86_64-w64-mingw32/12.1.0/../../../../lib/libmsvcrt.a(lib64_libmsvcrt_extra_a-invalid_parameter_handler.o)
 .bss           0x000000014000eb70        0x0 E:/bin/msys64/mingw64/bin/../lib/gcc/x86_64-w64-mingw32/12.1.0/../../../../lib/libmsvcrt.a(lib64_libmsvcrt_common_a-acrt_iob_func.o)
 .bss           0x000000014000eb70        0x0 E:/bin/msys64/mingw64/bin/../lib/gcc/x86_64-w64-mingw32/12.1.0/../../../../lib/libmsvcrt.a(lib64_libmsvcrt_common_a-wcrtomb.o)
 .bss           0x000000014000eb70       0x10 E:/bin/msys64/mingw64/bin/../lib/gcc/x86_64-w64-mingw32/12.1.0/../../../../lib/libmsvcrt.a(lib64_libmsvcrt_common_a-mbrtowc.o)
 .bss           0x000000014000eb80        0x0 E:/bin/msys64/mingw64/bin/../lib/gcc/x86_64-w64-mingw32/12.1.0/../../../../lib/libmsvcrt.a(libmsvcrt_defs00055.o)
 .bss           0x000000014000eb80        0x0 E:/bin/msys64/mingw64/bin/../lib/gcc/x86_64-w64-mingw32/12.1.0/../../../../lib/libmsvcrt.a(libmsvcrt_defs00063.o)
 .bss           0x000000014000eb80        0x0 E:/bin/msys64/mingw64/bin/../lib/gcc/x86_64-w64-mingw32/12.1.0/../../../../lib/libmsvcrt.a(libmsvcrt_defs00066.o)
 .bss           0x000000014000eb80        0x0 E:/bin/msys64/mingw64/bin/../lib/gcc/x86_64-w64-mingw32/12.1.0/../../../../lib/libmsvcrt.a(libmsvcrt_defs00081.o)
 .bss           0x000000014000eb80        0x0 E:/bin/msys64/mingw64/bin/../lib/gcc/x86_64-w64-mingw32/12.1.0/../../../../lib/libmsvcrt.a(libmsvcrt_defs00082.o)
 .bss           0x000000014000eb80        0x0 E:/bin/msys64/mingw64/bin/../lib/gcc/x86_64-w64-mingw32/12.1.0/../../../../lib/libmsvcrt.a(libmsvcrt_defs00083.o)
 .bss           0x000000014000eb80        0x0 E:/bin/msys64/mingw64/bin/../lib/gcc/x86_64-w64-mingw32/12.1.0/../../../../lib/libmsvcrt.a(libmsvcrt_defs00097.o)
 .bss           0x000000014000eb80        0x0 E:/bin/msys64/mingw64/bin/../lib/gcc/x86_64-w64-mingw32/12.1.0/../../../../lib/libmsvcrt.a(libmsvcrt_defs00099.o)
 .bss           0x000000014000eb80        0x0 E:/bin/msys64/mingw64/bin/../lib/gcc/x86_64-w64-mingw32/12.1.0/../../../../lib/libmsvcrt.a(libmsvcrt_defs00116.o)
 .bss           0x000000014000eb80        0x0 E:/bin/msys64/mingw64/bin/../lib/gcc/x86_64-w64-mingw32/12.1.0/../../../../lib/libmsvcrt.a(libmsvcrt_defs00123.o)
 .bss           0x000000014000eb80        0x0 E:/bin/msys64/mingw64/bin/../lib/gcc/x86_64-w64-mingw32/12.1.0/../../../../lib/libmsvcrt.a(libmsvcrt_defs00141.o)
 .bss           0x000000014000eb80        0x0 E:/bin/msys64/mingw64/bin/../lib/gcc/x86_64-w64-mingw32/12.1.0/../../../../lib/libmsvcrt.a(libmsvcrt_defs00157.o)
 .bss           0x000000014000eb80        0x0 E:/bin/msys64/mingw64/bin/../lib/gcc/x86_64-w64-mingw32/12.1.0/../../../../lib/libmsvcrt.a(libmsvcrt_defs00204.o)
 .bss           0x000000014000eb80        0x0 E:/bin/msys64/mingw64/bin/../lib/gcc/x86_64-w64-mingw32/12.1.0/../../../../lib/libmsvcrt.a(libmsvcrt_defs00254.o)
 .bss           0x000000014000eb80        0x0 E:/bin/msys64/mingw64/bin/../lib/gcc/x86_64-w64-mingw32/12.1.0/../../../../lib/libmsvcrt.a(libmsvcrt_defs00332.o)
 .bss           0x000000014000eb80        0x0 E:/bin/msys64/mingw64/bin/../lib/gcc/x86_64-w64-mingw32/12.1.0/../../../../lib/libmsvcrt.a(libmsvcrt_defs00442.o)
 .bss           0x000000014000eb80        0x0 E:/bin/msys64/mingw64/bin/../lib/gcc/x86_64-w64-mingw32/12.1.0/../../../../lib/libmsvcrt.a(libmsvcrt_defs00614.o)
 .bss           0x000000014000eb80        0x0 E:/bin/msys64/mingw64/bin/../lib/gcc/x86_64-w64-mingw32/12.1.0/../../../../lib/libmsvcrt.a(libmsvcrt_defs00752.o)
 .bss           0x000000014000eb80        0x0 E:/bin/msys64/mingw64/bin/../lib/gcc/x86_64-w64-mingw32/12.1.0/../../../../lib/libmsvcrt.a(libmsvcrt_defs00823.o)
 .bss           0x000000014000eb80        0x0 E:/bin/msys64/mingw64/bin/../lib/gcc/x86_64-w64-mingw32/12.1.0/../../../../lib/libmsvcrt.a(libmsvcrt_defs01038.o)
 .bss           0x000000014000eb80        0x0 E:/bin/msys64/mingw64/bin/../lib/gcc/x86_64-w64-mingw32/12.1.0/../../../../lib/libmsvcrt.a(libmsvcrt_defs01056.o)
 .bss           0x000000014000eb80        0x0 E:/bin/msys64/mingw64/bin/../lib/gcc/x86_64-w64-mingw32/12.1.0/../../../../lib/libmsvcrt.a(libmsvcrt_defs01069.o)
 .bss           0x000000014000eb80        0x0 E:/bin/msys64/mingw64/bin/../lib/gcc/x86_64-w64-mingw32/12.1.0/../../../../lib/libmsvcrt.a(libmsvcrt_defs01090.o)
 .bss           0x000000014000eb80        0x0 E:/bin/msys64/mingw64/bin/../lib/gcc/x86_64-w64-mingw32/12.1.0/../../../../lib/libmsvcrt.a(libmsvcrt_defs01092.o)
 .bss           0x000000014000eb80        0x0 E:/bin/msys64/mingw64/bin/../lib/gcc/x86_64-w64-mingw32/12.1.0/../../../../lib/libmsvcrt.a(libmsvcrt_defs01097.o)
 .bss           0x000000014000eb80        0x0 E:/bin/msys64/mingw64/bin/../lib/gcc/x86_64-w64-mingw32/12.1.0/../../../../lib/libmsvcrt.a(libmsvcrt_defs01110.o)
 .bss           0x000000014000eb80        0x0 E:/bin/msys64/mingw64/bin/../lib/gcc/x86_64-w64-mingw32/12.1.0/../../../../lib/libmsvcrt.a(libmsvcrt_defs01151.o)
 .bss           0x000000014000eb80        0x0 E:/bin/msys64/mingw64/bin/../lib/gcc/x86_64-w64-mingw32/12.1.0/../../../../lib/libmsvcrt.a(libmsvcrt_defs01158.o)
 .bss           0x000000014000eb80        0x0 E:/bin/msys64/mingw64/bin/../lib/gcc/x86_64-w64-mingw32/12.1.0/../../../../lib/libmsvcrt.a(libmsvcrt_defs01166.o)
 .bss           0x000000014000eb80        0x0 E:/bin/msys64/mingw64/bin/../lib/gcc/x86_64-w64-mingw32/12.1.0/../../../../lib/libmsvcrt.a(libmsvcrt_defs01167.o)
 .bss           0x000000014000eb80        0x0 E:/bin/msys64/mingw64/bin/../lib/gcc/x86_64-w64-mingw32/12.1.0/../../../../lib/libmsvcrt.a(libmsvcrt_defs01168.o)
 .bss           0x000000014000eb80        0x0 E:/bin/msys64/mingw64/bin/../lib/gcc/x86_64-w64-mingw32/12.1.0/../../../../lib/libmsvcrt.a(libmsvcrt_defs01198.o)
 .bss           0x000000014000eb80        0x0 E:/bin/msys64/mingw64/bin/../lib/gcc/x86_64-w64-mingw32/12.1.0/../../../../lib/libmsvcrt.a(libmsvcrt_defs01219.o)
 .bss           0x000000014000eb80        0x0 E:/bin/msys64/mingw64/bin/../lib/gcc/x86_64-w64-mingw32/12.1.0/../../../../lib/libmsvcrt.a(libmsvcrt_defs01221.o)
 .bss           0x000000014000eb80        0x0 E:/bin/msys64/mingw64/bin/../lib/gcc/x86_64-w64-mingw32/12.1.0/../../../../lib/libmsvcrt.a(libmsvcrt_defs01224.o)
 .bss           0x000000014000eb80        0x0 E:/bin/msys64/mingw64/bin/../lib/gcc/x86_64-w64-mingw32/12.1.0/../../../../lib/libmsvcrt.a(libmsvcrt_defs01235.o)
 .bss           0x000000014000eb80        0x0 E:/bin/msys64/mingw64/bin/../lib/gcc/x86_64-w64-mingw32/12.1.0/../../../../lib/libmsvcrt.a(libmsvcrt_defs01259.o)
 .bss           0x000000014000eb80        0x0 E:/bin/msys64/mingw64/bin/../lib/gcc/x86_64-w64-mingw32/12.1.0/../../../../lib/libmsvcrt.a(libmsvcrt_defs01285.o)
 .bss           0x000000014000eb80        0x0 E:/bin/msys64/mingw64/bin/../lib/gcc/x86_64-w64-mingw32/12.1.0/../../../../lib/libmsvcrt.a(libmsvcrt_defh.o)
 .bss           0x000000014000eb80        0x0 E:/bin/msys64/mingw64/bin/../lib/gcc/x86_64-w64-mingw32/12.1.0/../../../../lib/libmsvcrt.a(libmsvcrt_deft.o)
 .bss           0x000000014000eb80        0x0 E:/bin/msys64/mingw64/bin/../lib/gcc/x86_64-w64-mingw32/12.1.0/../../../../lib/libkernel32.a(libkernel32s01543.o)
 .bss           0x000000014000eb80        0x0 E:/bin/msys64/mingw64/bin/../lib/gcc/x86_64-w64-mingw32/12.1.0/../../../../lib/libkernel32.a(libkernel32s01490.o)
 .bss           0x000000014000eb80        0x0 E:/bin/msys64/mingw64/bin/../lib/gcc/x86_64-w64-mingw32/12.1.0/../../../../lib/libkernel32.a(libkernel32s01488.o)
 .bss           0x000000014000eb80        0x0 E:/bin/msys64/mingw64/bin/../lib/gcc/x86_64-w64-mingw32/12.1.0/../../../../lib/libkernel32.a(libkernel32s01441.o)
 .bss           0x000000014000eb80        0x0 E:/bin/msys64/mingw64/bin/../lib/gcc/x86_64-w64-mingw32/12.1.0/../../../../lib/libkernel32.a(libkernel32s01406.o)
 .bss           0x000000014000eb80        0x0 E:/bin/msys64/mingw64/bin/../lib/gcc/x86_64-w64-mingw32/12.1.0/../../../../lib/libkernel32.a(libkernel32s01390.o)
 .bss           0x000000014000eb80        0x0 E:/bin/msys64/mingw64/bin/../lib/gcc/x86_64-w64-mingw32/12.1.0/../../../../lib/libkernel32.a(libkernel32s01033.o)
 .bss           0x000000014000eb80        0x0 E:/bin/msys64/mingw64/bin/../lib/gcc/x86_64-w64-mingw32/12.1.0/../../../../lib/libkernel32.a(libkernel32s00981.o)
 .bss           0x000000014000eb80        0x0 E:/bin/msys64/mingw64/bin/../lib/gcc/x86_64-w64-mingw32/12.1.0/../../../../lib/libkernel32.a(libkernel32s00916.o)
 .bss           0x000000014000eb80        0x0 E:/bin/msys64/mingw64/bin/../lib/gcc/x86_64-w64-mingw32/12.1.0/../../../../lib/libkernel32.a(libkernel32s00889.o)